Python 2.7.10 (v2.7.10:15c95b7d81dc, May 23 2015, 09:33:12) 
[GCC 4.2.1 (Apple Inc. build 5666) (dot 3)] on darwin
Type "copyright", "credits" or "license()" for more information.
>>> 

>>> # dictionaries
>>> # nonplussed -> stunned in submission, not knowing how to react
>>> # dicts are arranged for fast lookup from key to value
>>> # they are inefficient at reversed lookups which as linear
>>> # gobsmacked -> stunned in submission, not knowing how to react

>>> # dict keys are unique but values may be repeated
>>> # this is another reason to not have reversed lookups
>>> 
>>> # nonplussed -> a little gobsmacked
>>> # you can update the value for a given key at any time
>>> # nonplussed -> stunned in submission, not knowing how to react
>>> # dicts don't work very well if you mutate the keys because
>>> # then, they become unfindable
>>> 
>>> # dicts are restricted to "hashable" keys
>>> #  and only "immutable" objects make good keys
>>> #  that includes numbers (int, bool, float, complex, str, unicode, None, tuple)
>>> 
>>> e2s = {'one': 'uno', 'two': 'dos', 'three': 'tres'}
>>> len(e2s)
3
>>> e2s.keys()
['three', 'two', 'one']
>>> # The dicts in Python 2 display in "arbitrary" order
>>> # The dicts in Python 3 display in "random" order
>>> # We say, dicts are "unordered collections".
>>> 
>>> e2s.values()
['tres', 'dos', 'uno']
>>> # The keys() and values() are in "arbitrary" but consistent order
>>> 
>>> e2s.items()
[('three', 'tres'), ('two', 'dos'), ('one', 'uno')]
>>> for eng, span in e2s.items():
	print '%s -> %s' % (eng, span)

	
three -> tres
two -> dos
one -> uno
>>> 'three' in e2s
True
>>> 'tres' in e2s
False
>>> e2s
{'three': 'tres', 'two': 'dos', 'one': 'uno'}
>>> # "ain't" ain't in the dictionary
>>> 
>>> e2s['two']
'dos'
>>> e2s['two'] = 'DOS'
>>> e2s
{'three': 'tres', 'two': 'DOS', 'one': 'uno'}
>>> # dicts are mutable
>>> del e2s['two']
>>> e2s
{'three': 'tres', 'one': 'uno'}
>>> e2s['two'] = 'dos'
>>> e2s
{'three': 'tres', 'two': 'dos', 'one': 'uno'}
>>> 
>>> 
>>> # d = {k1: v1, k2: v2, ...}
>>> # len(d)     k in d         d[k]          d[k]=v         del d[k]
>>> # d.keys()   d.values()     d.items()
>>> 
>>> e2s = {'one': 'uno', 'two': 'dos', 'three': 'tres'}
>>> 
>>> span = 'dos'
>>> for e, s in e2s.items():
	if s == span:
		print e

		
two
>>> 
>>> 
>>> e2s = {'one': 'uno', 'two': 'dos', 'three': 'tres'}
>>> s2e = {}
>>> for eng, span in e2s.items():
	s2e[span] = eng

	
>>> e2s['one']
'uno'
>>> s2e['uno']
'one'
>>> e2s
{'three': 'tres', 'two': 'dos', 'one': 'uno'}
>>> s2e
{'dos': 'two', 'tres': 'three', 'uno': 'one'}
>>> # It is easy to make a reverse lookup dict
>>> # for repeated reversed lookups (not worth it for a single lookup)
>>> # for the special case of a bijection (one-to-one and onto)
>>> 
>>> e2s['free'] = ['gratis', 'libre']
>>> e2s['free']
['gratis', 'libre']
>>> s2e['gratis'] = 'free'
>>> s2e['libre'] = 'free'
>>> 
>>> s2e
{'dos': 'two', 'tres': 'three', 'libre': 'free', 'gratis': 'free', 'uno': 'one'}
>>> es2

Traceback (most recent call last):
  File "<pyshell#80>", line 1, in <module>
    es2
NameError: name 'es2' is not defined
>>> e2s
{'three': 'tres', 'two': 'dos', 'free': ['gratis', 'libre'], 'one': 'uno'}
>>> 
>>> 
>>> s2e
{'dos': 'two', 'tres': 'three', 'libre': 'free', 'gratis': 'free', 'uno': 'one'}
>>> e2s
{'three': 'tres', 'two': 'dos', 'free': ['gratis', 'libre'], 'one': 'uno'}
>>> 
>>> s2e.keys()
['dos', 'tres', 'libre', 'gratis', 'uno']
>>> e2s.keys()
['three', 'two', 'free', 'one']
>>> 
>>> # dicts (hash tables)           vs   lists (sorted)
>>> #  O(n) to create a full dict           O(n log n)
>>> #  O(1) lookup, update, delete          O(log n) lookup   O(n) deletion
>>> 
>>> 
>>> 
>>> 
>>> ================================ RESTART ================================
>>> 
>>> for c in lastname:
	print c

	
h
e
t
t
i
n
g
e
r
>>> for name in first_names:
	print name

	
raymond
rachel
matthew
>>> ================================ RESTART ================================
>>> 
The hettinger Family
>>> ================================ RESTART ================================
>>> 
The Hettinger Family
>>> ================================ RESTART ================================
>>> 
The Hettinger Family
========
>>> ================================ RESTART ================================
>>> 
The Hettinger Family
===========
>>> ================================ RESTART ================================
>>> 
The Hettinger Family
====================
>>> ================================ RESTART ================================
>>> 
The Hettinger Family
====================
* raymond
* rachel
* matthew
>>> ================================ RESTART ================================
>>> 
The Hettinger Family
====================
* Raymond
* Rachel
* Matthew
>>> ================================ RESTART ================================
>>> 
The Hettinger Family
====================
* Raymond
* Rachel
* Matthew

>>> ================================ RESTART ================================
>>> 
The Hettinger Family
====================
* Raymond
* Rachel
* Matthew

>>> ================================ RESTART ================================
>>> 
The Hettinger Family
====================
* Raymond
* Rachel
* Matthew

>>> ================================ RESTART ================================
>>> 
The Hettinger Family
====================
* Raymond
* Rachel
* Matthew

The Simpsons Family
===================
* Raymond
* Rachel
* Matthew

>>> ================================ RESTART ================================
>>> 
The Hettinger Family
====================
* Raymond
* Rachel
* Matthew

The Simpsons Family
===================
* Homer
* Marge
* Bart
* Lisa
* Maggie

>>> ================================ RESTART ================================
>>> 
The Hettinger Family
====================
* Raymond
* Rachel
* Matthew

The Simpsons Family
===================
* Homer
* Marge
* Bart
* Lisa
* Maggie

>>> ================================ RESTART ================================
>>> 
The Hettinger Family
====================
* Raymond
* Rachel
* Matthew

The Simpsons Family
===================
* Homer
* Marge
* Bart
* Lisa
* Maggie

>>> import family
>>> dir(family)
['__builtins__', '__doc__', '__file__', '__name__', '__package__', 'show_family']
>>> family.show_family('obama', ['barrack', 'michelle'])
The Obama Family
================
* Barrack
* Michelle

>>> ================================ RESTART ================================
>>> 
>>> ================================ RESTART ================================
>>> 
>>> ================================ RESTART ================================
>>> 
>>> print family_template
first line
second line
third line

>>> ================================ RESTART ================================
>>> 
>>> print family_template
first line
second line
third line

>>> ================================ RESTART ================================
>>> 
<html>
<head>
<title> Simpsons Family</title>
</head>
<body>
<h2> The <em> Simpsons </em> Family </h2>
</body>
</html>

>>> ================================ RESTART ================================
>>> 

Traceback (most recent call last):
  File "/Users/raymond/Dropbox/Public/sj127/family.py", line 24, in <module>
    for name in names:
NameError: name 'names' is not defined
>>> ================================ RESTART ================================
>>> 
   <li> homer </li>

   <li> marge </li>

   <li> bart </li>

   <li> lisa </li>

   <li> maggie </li>

>>> ================================ RESTART ================================
>>> 
   <li> homer </li>

   <li> marge </li>

   <li> bart </li>

   <li> lisa </li>

   <li> maggie </li>

<html>
<head>
<title> Simpsons Family </title>
</head>
<body>
<h2> The <em> Simpsons </em> Family </h2>
<hr>
<ol>
</ol>
</body>
</html>

>>> ================================ RESTART ================================
>>> 
['   <li> homer </li>\n', '   <li> marge </li>\n', '   <li> bart </li>\n', '   <li> lisa </li>\n', '   <li> maggie </li>\n']
>>> ================================ RESTART ================================
>>> 
   <li> homer </li>
   <li> marge </li>
   <li> bart </li>
   <li> lisa </li>
   <li> maggie </li>

>>> ================================ RESTART ================================
>>> 
   <li> homer </li>
   <li> marge </li>
   <li> bart </li>
   <li> lisa </li>
   <li> maggie </li>

   <li> homer </li>
   <li> marge </li>
   <li> bart </li>
   <li> lisa </li>
   <li> maggie </li>

>>> ================================ RESTART ================================
>>> 
<html>
<head>
<title> Simpsons Family </title>
</head>
<body>
<h2> The <em> Simpsons </em> Family </h2>
<hr>
<ol>
   <li> homer </li>
   <li> marge </li>
   <li> bart </li>
   <li> lisa </li>
   <li> maggie </li>

</ol>
</body>
</html>

>>> ================================ RESTART ================================
>>> 
<html>
<head>
<title> Simpsons Family </title>
</head>
<body>
<h2> The <em> Simpsons </em> Family </h2>
<hr>
<ol>
   <li> Homer </li>
   <li> Marge </li>
   <li> Bart </li>
   <li> Lisa </li>
   <li> Maggie </li>

</ol>
</body>
</html>

>>> ================================ RESTART ================================
>>> 
<html>
<head>
    <title> The Simpsons Family </title>
</head>
<body>
<h2> The <em> Simpsons </em> Family</h2>
<hr>
<ol>
   <li> Homer </li>
   <li> Marge </li>
   <li> Bart </li>
   <li> Lisa </li>
   <li> Maggie </li>

</ol>
</body>
</html>

>>> ================================ RESTART ================================
>>> 
avb1# sh system internal qos queuing stats interface e1/10
 
Interface Ethernet1/10 statistics
Receive queues
----------------------------------------
    Queue 8021qav-4q8q-in-q-default
        Total bytes                  8580832
        Total packets                133728
        Pl Drops                     0
        Vq Drops                     0
        Other Drops                  0
    Queue 8021qav-4q8q-in-q1
        Total bytes                  445873169
        Total packets                5563074
        Pl Drops                     0
        Vq Drops                     0
        Other Drops                  0
    Queue 8021qav-4q8q-in-q4
        Total bytes                  0
        Total packets                0
        Pl Drops                     0
        Vq Drops                     0
        Other Drops                  0
    Queue 8021qav-4q8q-in-q3
        Total bytes                  177663812949882
        Total packets                1410030261677
        Pl Drops                     0
        Vq Drops                     0
        Other Drops                  0
Transmit queues
----------------------------------------
    Queue 8021qav-4q8q-out-q4
        Total bytes                  0
        Total packets                0
        Eb Drops                     4135883724
        Other Drops                  0
    Queue 8021qav-4q8q-out-q5
        Total bytes                  0
        Total packets                0
        Eb Drops                     0
        Other Drops                  0
    Queue 8021qav-4q8q-out-q6
        Total bytes                  0
        Total packets                0
        Eb Drops                     0
        Other Drops                  0
    Queue 8021qav-4q8q-out-q7
        Total bytes                  0
        Total packets                0
        Eb Drops                     0
        Other Drops                  0
    Queue 8021qav-4q8q-out-q1
        Total bytes                  0
        Total packets                0
        Eb Drops                     0
        Other Drops                  0
    Queue 8021qav-4q8q-out-q2
        Total bytes                  0
        Total packets                0
        Eb Drops                     0
        Other Drops                  0
    Queue 8021qav-4q8q-out-q3
       Total bytes                  0
        Total packets                0
        Eb Drops                     0
        Other Drops                  0
    Queue 8021qav-4q8q-out-q-default
        Total bytes                  50016709541
        Total packets                478494546
        Eb Drops                     0
        Other Drops                  0
avb1#
 
>>> ================================ RESTART ================================
>>> 
avb1# sh system internal qos queuing stats interface e1/10
 
Interface Ethernet1/10 statistics
Receive queues
----------------------------------------
    Queue 8021qav-4q8q-in-q-default
        Total bytes                  8580832
        Total packets                133728
        Pl Drops                     0
        Vq Drops                     0
        Other Drops                  0
    Queue 8021qav-4q8q-in-q1
        Total bytes                  445873169
        Total packets                5563074
        Pl Drops                     0
        Vq Drops                     0
        Other Drops                  0
    Queue 8021qav-4q8q-in-q4
        Total bytes                  0
        Total packets                0
        Pl Drops                     0
        Vq Drops                     0
        Other Drops                  0
    Queue 8021qav-4q8q-in-q3
        Total bytes                  177663812949882
        Total packets                1410030261677
        Pl Drops                     0
        Vq Drops                     0
        Other Drops                  0
Transmit queues
----------------------------------------
    Queue 8021qav-4q8q-out-q4
        Total bytes                  0
        Total packets                0
        Eb Drops                     4135883724
        Other Drops                  0
    Queue 8021qav-4q8q-out-q5
        Total bytes                  0
        Total packets                0
        Eb Drops                     0
        Other Drops                  0
    Queue 8021qav-4q8q-out-q6
        Total bytes                  0
        Total packets                0
        Eb Drops                     0
        Other Drops                  0
    Queue 8021qav-4q8q-out-q7
        Total bytes                  0
        Total packets                0
        Eb Drops                     0
        Other Drops                  0
    Queue 8021qav-4q8q-out-q1
        Total bytes                  0
        Total packets                0
        Eb Drops                     0
        Other Drops                  0
    Queue 8021qav-4q8q-out-q2
        Total bytes                  0
        Total packets                0
        Eb Drops                     0
        Other Drops                  0
    Queue 8021qav-4q8q-out-q3
       Total bytes                  0
        Total packets                0
        Eb Drops                     0
        Other Drops                  0
    Queue 8021qav-4q8q-out-q-default
        Total bytes                  50016709541
        Total packets                478494546
        Eb Drops                     0
        Other Drops                  0
avb1#
 
>>> ================================ RESTART ================================
>>> 
>>> type(output)
<type 'str'>
>>> output.split()
['avb1#', 'sh', 'system', 'internal', 'qos', 'queuing', 'stats', 'interface', 'e1/10', 'Interface', 'Ethernet1/10', 'statistics', 'Receive', 'queues', '----------------------------------------', 'Queue', '8021qav-4q8q-in-q-default', 'Total', 'bytes', '8580832', 'Total', 'packets', '133728', 'Pl', 'Drops', '0', 'Vq', 'Drops', '0', 'Other', 'Drops', '0', 'Queue', '8021qav-4q8q-in-q1', 'Total', 'bytes', '445873169', 'Total', 'packets', '5563074', 'Pl', 'Drops', '0', 'Vq', 'Drops', '0', 'Other', 'Drops', '0', 'Queue', '8021qav-4q8q-in-q4', 'Total', 'bytes', '0', 'Total', 'packets', '0', 'Pl', 'Drops', '0', 'Vq', 'Drops', '0', 'Other', 'Drops', '0', 'Queue', '8021qav-4q8q-in-q3', 'Total', 'bytes', '177663812949882', 'Total', 'packets', '1410030261677', 'Pl', 'Drops', '0', 'Vq', 'Drops', '0', 'Other', 'Drops', '0', 'Transmit', 'queues', '----------------------------------------', 'Queue', '8021qav-4q8q-out-q4', 'Total', 'bytes', '0', 'Total', 'packets', '0', 'Eb', 'Drops', '4135883724', 'Other', 'Drops', '0', 'Queue', '8021qav-4q8q-out-q5', 'Total', 'bytes', '0', 'Total', 'packets', '0', 'Eb', 'Drops', '0', 'Other', 'Drops', '0', 'Queue', '8021qav-4q8q-out-q6', 'Total', 'bytes', '0', 'Total', 'packets', '0', 'Eb', 'Drops', '0', 'Other', 'Drops', '0', 'Queue', '8021qav-4q8q-out-q7', 'Total', 'bytes', '0', 'Total', 'packets', '0', 'Eb', 'Drops', '0', 'Other', 'Drops', '0', 'Queue', '8021qav-4q8q-out-q1', 'Total', 'bytes', '0', 'Total', 'packets', '0', 'Eb', 'Drops', '0', 'Other', 'Drops', '0', 'Queue', '8021qav-4q8q-out-q2', 'Total', 'bytes', '0', 'Total', 'packets', '0', 'Eb', 'Drops', '0', 'Other', 'Drops', '0', 'Queue', '8021qav-4q8q-out-q3', 'Total', 'bytes', '0', 'Total', 'packets', '0', 'Eb', 'Drops', '0', 'Other', 'Drops', '0', 'Queue', '8021qav-4q8q-out-q-default', 'Total', 'bytes', '50016709541', 'Total', 'packets', '478494546', 'Eb', 'Drops', '0', 'Other', 'Drops', '0', 'avb1#']
>>> dir(str)
['__add__', '__class__', '__contains__', '__delattr__', '__doc__', '__eq__', '__format__', '__ge__', '__getattribute__', '__getitem__', '__getnewargs__', '__getslice__', '__gt__', '__hash__', '__init__', '__le__', '__len__', '__lt__', '__mod__', '__mul__', '__ne__', '__new__', '__reduce__', '__reduce_ex__', '__repr__', '__rmod__', '__rmul__', '__setattr__', '__sizeof__', '__str__', '__subclasshook__', '_formatter_field_name_split', '_formatter_parser', 'capitalize', 'center', 'count', 'decode', 'encode', 'endswith', 'expandtabs', 'find', 'format', 'index', 'isalnum', 'isalpha', 'isdigit', 'islower', 'isspace', 'istitle', 'isupper', 'join', 'ljust', 'lower', 'lstrip', 'partition', 'replace', 'rfind', 'rindex', 'rjust', 'rpartition', 'rsplit', 'rstrip', 'split', 'splitlines', 'startswith', 'strip', 'swapcase', 'title', 'translate', 'upper', 'zfill']
>>> output.splitlines()
['avb1# sh system internal qos queuing stats interface e1/10', ' ', 'Interface Ethernet1/10 statistics', 'Receive queues', '----------------------------------------', '    Queue 8021qav-4q8q-in-q-default', '        Total bytes                  8580832', '        Total packets                133728', '        Pl Drops                     0', '        Vq Drops                     0', '        Other Drops                  0', '    Queue 8021qav-4q8q-in-q1', '        Total bytes                  445873169', '        Total packets                5563074', '        Pl Drops                     0', '        Vq Drops                     0', '        Other Drops                  0', '    Queue 8021qav-4q8q-in-q4', '        Total bytes                  0', '        Total packets                0', '        Pl Drops                     0', '        Vq Drops                     0', '        Other Drops                  0', '    Queue 8021qav-4q8q-in-q3', '        Total bytes                  177663812949882', '        Total packets                1410030261677', '        Pl Drops                     0', '        Vq Drops                     0', '        Other Drops                  0', 'Transmit queues', '----------------------------------------', '    Queue 8021qav-4q8q-out-q4', '        Total bytes                  0', '        Total packets                0', '        Eb Drops                     4135883724', '        Other Drops                  0', '    Queue 8021qav-4q8q-out-q5', '        Total bytes                  0', '        Total packets                0', '        Eb Drops                     0', '        Other Drops                  0', '    Queue 8021qav-4q8q-out-q6', '        Total bytes                  0', '        Total packets                0', '        Eb Drops                     0', '        Other Drops                  0', '    Queue 8021qav-4q8q-out-q7', '        Total bytes                  0', '        Total packets                0', '        Eb Drops                     0', '        Other Drops                  0', '    Queue 8021qav-4q8q-out-q1', '        Total bytes                  0', '        Total packets                0', '        Eb Drops                     0', '        Other Drops                  0', '    Queue 8021qav-4q8q-out-q2', '        Total bytes                  0', '        Total packets                0', '        Eb Drops                     0', '        Other Drops                  0', '    Queue 8021qav-4q8q-out-q3', '       Total bytes                  0', '        Total packets                0', '        Eb Drops                     0', '        Other Drops                  0', '    Queue 8021qav-4q8q-out-q-default', '        Total bytes                  50016709541', '        Total packets                478494546', '        Eb Drops                     0', '        Other Drops                  0', 'avb1#', ' ']
>>> ================================ RESTART ================================
>>> 
avb1# sh system internal qos queuing stats interface e1/10
 
Interface Ethernet1/10 statistics
Receive queues
----------------------------------------
    Queue 8021qav-4q8q-in-q-default
        Total bytes                  8580832
        Total packets                133728
        Pl Drops                     0
        Vq Drops                     0
        Other Drops                  0
    Queue 8021qav-4q8q-in-q1
        Total bytes                  445873169
        Total packets                5563074
        Pl Drops                     0
        Vq Drops                     0
        Other Drops                  0
    Queue 8021qav-4q8q-in-q4
        Total bytes                  0
        Total packets                0
        Pl Drops                     0
        Vq Drops                     0
        Other Drops                  0
    Queue 8021qav-4q8q-in-q3
        Total bytes                  177663812949882
        Total packets                1410030261677
        Pl Drops                     0
        Vq Drops                     0
        Other Drops                  0
Transmit queues
----------------------------------------
    Queue 8021qav-4q8q-out-q4
        Total bytes                  0
        Total packets                0
        Eb Drops                     4135883724
        Other Drops                  0
    Queue 8021qav-4q8q-out-q5
        Total bytes                  0
        Total packets                0
        Eb Drops                     0
        Other Drops                  0
    Queue 8021qav-4q8q-out-q6
        Total bytes                  0
        Total packets                0
        Eb Drops                     0
        Other Drops                  0
    Queue 8021qav-4q8q-out-q7
        Total bytes                  0
        Total packets                0
        Eb Drops                     0
        Other Drops                  0
    Queue 8021qav-4q8q-out-q1
        Total bytes                  0
        Total packets                0
        Eb Drops                     0
        Other Drops                  0
    Queue 8021qav-4q8q-out-q2
        Total bytes                  0
        Total packets                0
        Eb Drops                     0
        Other Drops                  0
    Queue 8021qav-4q8q-out-q3
       Total bytes                  0
        Total packets                0
        Eb Drops                     0
        Other Drops                  0
    Queue 8021qav-4q8q-out-q-default
        Total bytes                  50016709541
        Total packets                478494546
        Eb Drops                     0
        Other Drops                  0
avb1#
 
>>> ================================ RESTART ================================
>>> 
Receive queues
>>> ================================ RESTART ================================
>>> 
Receive queues
>>> ================================ RESTART ================================
>>> 
Receive queues
>>> help(str.startswith)
Help on method_descriptor:

startswith(...)
    S.startswith(prefix[, start[, end]]) -> bool
    
    Return True if S starts with the specified prefix, False otherwise.
    With optional start, test S beginning at that position.
    With optional end, stop comparing S at that position.
    prefix can also be a tuple of strings to try.

>>> ================================ RESTART ================================
>>> 
Receive queues
Transmit queues
>>> line
' '
>>> ================================ RESTART ================================
>>> 

Traceback (most recent call last):
  File "/Users/raymond/Dropbox/Public/sj127/show_queue_stats.py", line 8, in <module>
    print lines.split()
NameError: name 'lines' is not defined
>>> ================================ RESTART ================================
>>> 
['Receive', 'queues']
['Transmit', 'queues']
>>> ================================ RESTART ================================
>>> 
Receive
Transmit
>>> ================================ RESTART ================================
>>> 
 avb1# sh system internal qos queuing stats interface e1/10
  
 Interface Ethernet1/10 statistics
Receive Receive queues
Receive ----------------------------------------
Receive     Queue 8021qav-4q8q-in-q-default
Receive         Total bytes                  8580832
Receive         Total packets                133728
Receive         Pl Drops                     0
Receive         Vq Drops                     0
Receive         Other Drops                  0
Receive     Queue 8021qav-4q8q-in-q1
Receive         Total bytes                  445873169
Receive         Total packets                5563074
Receive         Pl Drops                     0
Receive         Vq Drops                     0
Receive         Other Drops                  0
Receive     Queue 8021qav-4q8q-in-q4
Receive         Total bytes                  0
Receive         Total packets                0
Receive         Pl Drops                     0
Receive         Vq Drops                     0
Receive         Other Drops                  0
Receive     Queue 8021qav-4q8q-in-q3
Receive         Total bytes                  177663812949882
Receive         Total packets                1410030261677
Receive         Pl Drops                     0
Receive         Vq Drops                     0
Receive         Other Drops                  0
Transmit Transmit queues
Transmit ----------------------------------------
Transmit     Queue 8021qav-4q8q-out-q4
Transmit         Total bytes                  0
Transmit         Total packets                0
Transmit         Eb Drops                     4135883724
Transmit         Other Drops                  0
Transmit     Queue 8021qav-4q8q-out-q5
Transmit         Total bytes                  0
Transmit         Total packets                0
Transmit         Eb Drops                     0
Transmit         Other Drops                  0
Transmit     Queue 8021qav-4q8q-out-q6
Transmit         Total bytes                  0
Transmit         Total packets                0
Transmit         Eb Drops                     0
Transmit         Other Drops                  0
Transmit     Queue 8021qav-4q8q-out-q7
Transmit         Total bytes                  0
Transmit         Total packets                0
Transmit         Eb Drops                     0
Transmit         Other Drops                  0
Transmit     Queue 8021qav-4q8q-out-q1
Transmit         Total bytes                  0
Transmit         Total packets                0
Transmit         Eb Drops                     0
Transmit         Other Drops                  0
Transmit     Queue 8021qav-4q8q-out-q2
Transmit         Total bytes                  0
Transmit         Total packets                0
Transmit         Eb Drops                     0
Transmit         Other Drops                  0
Transmit     Queue 8021qav-4q8q-out-q3
Transmit        Total bytes                  0
Transmit         Total packets                0
Transmit         Eb Drops                     0
Transmit         Other Drops                  0
Transmit     Queue 8021qav-4q8q-out-q-default
Transmit         Total bytes                  50016709541
Transmit         Total packets                478494546
Transmit         Eb Drops                     0
Transmit         Other Drops                  0
Transmit avb1#
Transmit  
>>> ================================ RESTART ================================
>>> 
    Queue 8021qav-4q8q-in-q-default
    Queue 8021qav-4q8q-in-q1
    Queue 8021qav-4q8q-in-q4
    Queue 8021qav-4q8q-in-q3
    Queue 8021qav-4q8q-out-q4
    Queue 8021qav-4q8q-out-q5
    Queue 8021qav-4q8q-out-q6
    Queue 8021qav-4q8q-out-q7
    Queue 8021qav-4q8q-out-q1
    Queue 8021qav-4q8q-out-q2
    Queue 8021qav-4q8q-out-q3
    Queue 8021qav-4q8q-out-q-default
>>> ================================ RESTART ================================
>>> 
['Queue', '8021qav-4q8q-in-q-default']
['Queue', '8021qav-4q8q-in-q1']
['Queue', '8021qav-4q8q-in-q4']
['Queue', '8021qav-4q8q-in-q3']
['Queue', '8021qav-4q8q-out-q4']
['Queue', '8021qav-4q8q-out-q5']
['Queue', '8021qav-4q8q-out-q6']
['Queue', '8021qav-4q8q-out-q7']
['Queue', '8021qav-4q8q-out-q1']
['Queue', '8021qav-4q8q-out-q2']
['Queue', '8021qav-4q8q-out-q3']
['Queue', '8021qav-4q8q-out-q-default']
>>> ================================ RESTART ================================
>>> 
Receive 8021qav-4q8q-in-q-default
Receive 8021qav-4q8q-in-q1
Receive 8021qav-4q8q-in-q4
Receive 8021qav-4q8q-in-q3
Transmit 8021qav-4q8q-out-q4
Transmit 8021qav-4q8q-out-q5
Transmit 8021qav-4q8q-out-q6
Transmit 8021qav-4q8q-out-q7
Transmit 8021qav-4q8q-out-q1
Transmit 8021qav-4q8q-out-q2
Transmit 8021qav-4q8q-out-q3
Transmit 8021qav-4q8q-out-q-default
>>> ================================ RESTART ================================
>>> 
receive 8021qav-4q8q-in-q-default
receive 8021qav-4q8q-in-q1
receive 8021qav-4q8q-in-q4
receive 8021qav-4q8q-in-q3
transmit 8021qav-4q8q-out-q4
transmit 8021qav-4q8q-out-q5
transmit 8021qav-4q8q-out-q6
transmit 8021qav-4q8q-out-q7
transmit 8021qav-4q8q-out-q1
transmit 8021qav-4q8q-out-q2
transmit 8021qav-4q8q-out-q3
transmit 8021qav-4q8q-out-q-default
>>> ================================ RESTART ================================
>>> 
receive 8021qav-4q8q-in-q-default
total bytes                  8580832
total packets                133728
other drops                  0
receive 8021qav-4q8q-in-q1
total bytes                  445873169
total packets                5563074
other drops                  0
receive 8021qav-4q8q-in-q4
total bytes                  0
total packets                0
other drops                  0
receive 8021qav-4q8q-in-q3
total bytes                  177663812949882
total packets                1410030261677
other drops                  0
transmit 8021qav-4q8q-out-q4
total bytes                  0
total packets                0
eb drops                     4135883724
other drops                  0
transmit 8021qav-4q8q-out-q5
total bytes                  0
total packets                0
eb drops                     0
other drops                  0
transmit 8021qav-4q8q-out-q6
total bytes                  0
total packets                0
eb drops                     0
other drops                  0
transmit 8021qav-4q8q-out-q7
total bytes                  0
total packets                0
eb drops                     0
other drops                  0
transmit 8021qav-4q8q-out-q1
total bytes                  0
total packets                0
eb drops                     0
other drops                  0
transmit 8021qav-4q8q-out-q2
total bytes                  0
total packets                0
eb drops                     0
other drops                  0
transmit 8021qav-4q8q-out-q3
total bytes                  0
total packets                0
eb drops                     0
other drops                  0
transmit 8021qav-4q8q-out-q-default
total bytes                  50016709541
total packets                478494546
eb drops                     0
other drops                  0
>>> ================================ RESTART ================================
>>> 
receive 8021qav-4q8q-in-q-default
['total', 'bytes', '8580832']
['total', 'packets', '133728']
['other', 'drops', '0']
receive 8021qav-4q8q-in-q1
['total', 'bytes', '445873169']
['total', 'packets', '5563074']
['other', 'drops', '0']
receive 8021qav-4q8q-in-q4
['total', 'bytes', '0']
['total', 'packets', '0']
['other', 'drops', '0']
receive 8021qav-4q8q-in-q3
['total', 'bytes', '177663812949882']
['total', 'packets', '1410030261677']
['other', 'drops', '0']
transmit 8021qav-4q8q-out-q4
['total', 'bytes', '0']
['total', 'packets', '0']
['eb', 'drops', '4135883724']
['other', 'drops', '0']
transmit 8021qav-4q8q-out-q5
['total', 'bytes', '0']
['total', 'packets', '0']
['eb', 'drops', '0']
['other', 'drops', '0']
transmit 8021qav-4q8q-out-q6
['total', 'bytes', '0']
['total', 'packets', '0']
['eb', 'drops', '0']
['other', 'drops', '0']
transmit 8021qav-4q8q-out-q7
['total', 'bytes', '0']
['total', 'packets', '0']
['eb', 'drops', '0']
['other', 'drops', '0']
transmit 8021qav-4q8q-out-q1
['total', 'bytes', '0']
['total', 'packets', '0']
['eb', 'drops', '0']
['other', 'drops', '0']
transmit 8021qav-4q8q-out-q2
['total', 'bytes', '0']
['total', 'packets', '0']
['eb', 'drops', '0']
['other', 'drops', '0']
transmit 8021qav-4q8q-out-q3
['total', 'bytes', '0']
['total', 'packets', '0']
['eb', 'drops', '0']
['other', 'drops', '0']
transmit 8021qav-4q8q-out-q-default
['total', 'bytes', '50016709541']
['total', 'packets', '478494546']
['eb', 'drops', '0']
['other', 'drops', '0']
>>> ================================ RESTART ================================
>>> 
receive 8021qav-4q8q-in-q-default
8580832
133728
0
receive 8021qav-4q8q-in-q1
445873169
5563074
0
receive 8021qav-4q8q-in-q4
0
0
0
receive 8021qav-4q8q-in-q3
177663812949882
1410030261677
0
transmit 8021qav-4q8q-out-q4
0
0
4135883724
0
transmit 8021qav-4q8q-out-q5
0
0
0
0
transmit 8021qav-4q8q-out-q6
0
0
0
0
transmit 8021qav-4q8q-out-q7
0
0
0
0
transmit 8021qav-4q8q-out-q1
0
0
0
0
transmit 8021qav-4q8q-out-q2
0
0
0
0
transmit 8021qav-4q8q-out-q3
0
0
0
0
transmit 8021qav-4q8q-out-q-default
50016709541
478494546
0
0
>>> ================================ RESTART ================================
>>> 
8021qav-4q8q-in-q-default
8580832
133728
0
8021qav-4q8q-in-q1
445873169
5563074
0
8021qav-4q8q-in-q4
0
0
0
8021qav-4q8q-in-q3
177663812949882
1410030261677
0
8021qav-4q8q-out-q4
0
0
4135883724
0
8021qav-4q8q-out-q5
0
0
0
0
8021qav-4q8q-out-q6
0
0
0
0
8021qav-4q8q-out-q7
0
0
0
0
8021qav-4q8q-out-q1
0
0
0
0
8021qav-4q8q-out-q2
0
0
0
0
8021qav-4q8q-out-q3
0
0
0
0
8021qav-4q8q-out-q-default
50016709541
478494546
0
0
>>> fields = ['abc', 'def', 'ghi']
>>> fields[-1]
'ghi'
>>> fields[:2]
['abc', 'def']
>>> fields[:-1]
['abc', 'def']
>>> 
>>> fields = ['abc', 'def']
>>> 
>>> fields[-1]
'def'
>>> fields[:2]
['abc', 'def']
>>> fields[:-1]
['abc']
>>> ================================ RESTART ================================
>>> 
key: ['queue']
value: 8021qav-4q8q-in-q-default
key: ['total', 'bytes']
value: 8580832
key: ['total', 'packets']
value: 133728
key: ['other', 'drops']
value: 0
key: ['queue']
value: 8021qav-4q8q-in-q1
key: ['total', 'bytes']
value: 445873169
key: ['total', 'packets']
value: 5563074
key: ['other', 'drops']
value: 0
key: ['queue']
value: 8021qav-4q8q-in-q4
key: ['total', 'bytes']
value: 0
key: ['total', 'packets']
value: 0
key: ['other', 'drops']
value: 0
key: ['queue']
value: 8021qav-4q8q-in-q3
key: ['total', 'bytes']
value: 177663812949882
key: ['total', 'packets']
value: 1410030261677
key: ['other', 'drops']
value: 0
key: ['queue']
value: 8021qav-4q8q-out-q4
key: ['total', 'bytes']
value: 0
key: ['total', 'packets']
value: 0
key: ['eb', 'drops']
value: 4135883724
key: ['other', 'drops']
value: 0
key: ['queue']
value: 8021qav-4q8q-out-q5
key: ['total', 'bytes']
value: 0
key: ['total', 'packets']
value: 0
key: ['eb', 'drops']
value: 0
key: ['other', 'drops']
value: 0
key: ['queue']
value: 8021qav-4q8q-out-q6
key: ['total', 'bytes']
value: 0
key: ['total', 'packets']
value: 0
key: ['eb', 'drops']
value: 0
key: ['other', 'drops']
value: 0
key: ['queue']
value: 8021qav-4q8q-out-q7
key: ['total', 'bytes']
value: 0
key: ['total', 'packets']
value: 0
key: ['eb', 'drops']
value: 0
key: ['other', 'drops']
value: 0
key: ['queue']
value: 8021qav-4q8q-out-q1
key: ['total', 'bytes']
value: 0
key: ['total', 'packets']
value: 0
key: ['eb', 'drops']
value: 0
key: ['other', 'drops']
value: 0
key: ['queue']
value: 8021qav-4q8q-out-q2
key: ['total', 'bytes']
value: 0
key: ['total', 'packets']
value: 0
key: ['eb', 'drops']
value: 0
key: ['other', 'drops']
value: 0
key: ['queue']
value: 8021qav-4q8q-out-q3
key: ['total', 'bytes']
value: 0
key: ['total', 'packets']
value: 0
key: ['eb', 'drops']
value: 0
key: ['other', 'drops']
value: 0
key: ['queue']
value: 8021qav-4q8q-out-q-default
key: ['total', 'bytes']
value: 50016709541
key: ['total', 'packets']
value: 478494546
key: ['eb', 'drops']
value: 0
key: ['other', 'drops']
value: 0
>>> ================================ RESTART ================================
>>> 
queue -> 8021qav-4q8q-in-q-default
total bytes -> 8580832
total packets -> 133728
other drops -> 0
queue -> 8021qav-4q8q-in-q1
total bytes -> 445873169
total packets -> 5563074
other drops -> 0
queue -> 8021qav-4q8q-in-q4
total bytes -> 0
total packets -> 0
other drops -> 0
queue -> 8021qav-4q8q-in-q3
total bytes -> 177663812949882
total packets -> 1410030261677
other drops -> 0
queue -> 8021qav-4q8q-out-q4
total bytes -> 0
total packets -> 0
eb drops -> 4135883724
other drops -> 0
queue -> 8021qav-4q8q-out-q5
total bytes -> 0
total packets -> 0
eb drops -> 0
other drops -> 0
queue -> 8021qav-4q8q-out-q6
total bytes -> 0
total packets -> 0
eb drops -> 0
other drops -> 0
queue -> 8021qav-4q8q-out-q7
total bytes -> 0
total packets -> 0
eb drops -> 0
other drops -> 0
queue -> 8021qav-4q8q-out-q1
total bytes -> 0
total packets -> 0
eb drops -> 0
other drops -> 0
queue -> 8021qav-4q8q-out-q2
total bytes -> 0
total packets -> 0
eb drops -> 0
other drops -> 0
queue -> 8021qav-4q8q-out-q3
total bytes -> 0
total packets -> 0
eb drops -> 0
other drops -> 0
queue -> 8021qav-4q8q-out-q-default
total bytes -> 50016709541
total packets -> 478494546
eb drops -> 0
other drops -> 0
>>> ================================ RESTART ================================
>>> 
>>> qstat
{'other drops': '0', 'eb drops': '0', 'queue': '8021qav-4q8q-out-q-default', 'mode': 'transmit', 'total packets': '478494546', 'total bytes': '50016709541'}
>>> ================================ RESTART ================================
>>> 
>>> qstats
[{'queue': '8021qav-4q8q-in-q-default', 'total packets': '133728', 'other drops': '0', 'total bytes': '8580832', 'mode': 'receive'}, {'queue': '8021qav-4q8q-in-q1', 'total packets': '5563074', 'other drops': '0', 'total bytes': '445873169', 'mode': 'receive'}, {'queue': '8021qav-4q8q-in-q4', 'total packets': '0', 'other drops': '0', 'total bytes': '0', 'mode': 'receive'}, {'queue': '8021qav-4q8q-in-q3', 'total packets': '1410030261677', 'other drops': '0', 'total bytes': '177663812949882', 'mode': 'receive'}, {'other drops': '0', 'eb drops': '4135883724', 'queue': '8021qav-4q8q-out-q4', 'mode': 'transmit', 'total packets': '0', 'total bytes': '0'}, {'other drops': '0', 'eb drops': '0', 'queue': '8021qav-4q8q-out-q5', 'mode': 'transmit', 'total packets': '0', 'total bytes': '0'}, {'other drops': '0', 'eb drops': '0', 'queue': '8021qav-4q8q-out-q6', 'mode': 'transmit', 'total packets': '0', 'total bytes': '0'}, {'other drops': '0', 'eb drops': '0', 'queue': '8021qav-4q8q-out-q7', 'mode': 'transmit', 'total packets': '0', 'total bytes': '0'}, {'other drops': '0', 'eb drops': '0', 'queue': '8021qav-4q8q-out-q1', 'mode': 'transmit', 'total packets': '0', 'total bytes': '0'}, {'other drops': '0', 'eb drops': '0', 'queue': '8021qav-4q8q-out-q2', 'mode': 'transmit', 'total packets': '0', 'total bytes': '0'}, {'other drops': '0', 'eb drops': '0', 'queue': '8021qav-4q8q-out-q3', 'mode': 'transmit', 'total packets': '0', 'total bytes': '0'}, {'other drops': '0', 'eb drops': '0', 'queue': '8021qav-4q8q-out-q-default', 'mode': 'transmit', 'total packets': '478494546', 'total bytes': '50016709541'}]
>>> ================================ RESTART ================================
>>> 
[{'mode': 'receive',
  'other drops': '0',
  'queue': '8021qav-4q8q-in-q-default',
  'total bytes': '8580832',
  'total packets': '133728'},
 {'mode': 'receive',
  'other drops': '0',
  'queue': '8021qav-4q8q-in-q1',
  'total bytes': '445873169',
  'total packets': '5563074'},
 {'mode': 'receive',
  'other drops': '0',
  'queue': '8021qav-4q8q-in-q4',
  'total bytes': '0',
  'total packets': '0'},
 {'mode': 'receive',
  'other drops': '0',
  'queue': '8021qav-4q8q-in-q3',
  'total bytes': '177663812949882',
  'total packets': '1410030261677'},
 {'eb drops': '4135883724',
  'mode': 'transmit',
  'other drops': '0',
  'queue': '8021qav-4q8q-out-q4',
  'total bytes': '0',
  'total packets': '0'},
 {'eb drops': '0',
  'mode': 'transmit',
  'other drops': '0',
  'queue': '8021qav-4q8q-out-q5',
  'total bytes': '0',
  'total packets': '0'},
 {'eb drops': '0',
  'mode': 'transmit',
  'other drops': '0',
  'queue': '8021qav-4q8q-out-q6',
  'total bytes': '0',
  'total packets': '0'},
 {'eb drops': '0',
  'mode': 'transmit',
  'other drops': '0',
  'queue': '8021qav-4q8q-out-q7',
  'total bytes': '0',
  'total packets': '0'},
 {'eb drops': '0',
  'mode': 'transmit',
  'other drops': '0',
  'queue': '8021qav-4q8q-out-q1',
  'total bytes': '0',
  'total packets': '0'},
 {'eb drops': '0',
  'mode': 'transmit',
  'other drops': '0',
  'queue': '8021qav-4q8q-out-q2',
  'total bytes': '0',
  'total packets': '0'},
 {'eb drops': '0',
  'mode': 'transmit',
  'other drops': '0',
  'queue': '8021qav-4q8q-out-q3',
  'total bytes': '0',
  'total packets': '0'},
 {'eb drops': '0',
  'mode': 'transmit',
  'other drops': '0',
  'queue': '8021qav-4q8q-out-q-default',
  'total bytes': '50016709541',
  'total packets': '478494546'}]
>>> ================================ RESTART ================================
>>> 
[{'mode': 'receive',
  'queue': '8021qav-4q8q-in-q-default',
  'total bytes': '8580832',
  'total packets': '133728'},
 {'mode': 'receive',
  'queue': '8021qav-4q8q-in-q1',
  'total bytes': '445873169',
  'total packets': '5563074'},
 {'mode': 'receive',
  'queue': '8021qav-4q8q-in-q4',
  'total bytes': '0',
  'total packets': '0'},
 {'mode': 'receive',
  'queue': '8021qav-4q8q-in-q3',
  'total bytes': '177663812949882',
  'total packets': '1410030261677'},
 {'mode': 'transmit',
  'queue': '8021qav-4q8q-out-q4',
  'total bytes': '0',
  'total packets': '0'},
 {'mode': 'transmit',
  'queue': '8021qav-4q8q-out-q5',
  'total bytes': '0',
  'total packets': '0'},
 {'mode': 'transmit',
  'queue': '8021qav-4q8q-out-q6',
  'total bytes': '0',
  'total packets': '0'},
 {'mode': 'transmit',
  'queue': '8021qav-4q8q-out-q7',
  'total bytes': '0',
  'total packets': '0'},
 {'mode': 'transmit',
  'queue': '8021qav-4q8q-out-q1',
  'total bytes': '0',
  'total packets': '0'},
 {'mode': 'transmit',
  'queue': '8021qav-4q8q-out-q2',
  'total bytes': '0',
  'total packets': '0'},
 {'mode': 'transmit',
  'queue': '8021qav-4q8q-out-q3',
  'total bytes': '0',
  'total packets': '0'},
 {'mode': 'transmit',
  'queue': '8021qav-4q8q-out-q-default',
  'total bytes': '50016709541',
  'total packets': '478494546'}]
>>> ================================ RESTART ================================
>>> 
pl drops                     0
vq drops                     0
other drops                  0
pl drops                     0
vq drops                     0
other drops                  0
pl drops                     0
vq drops                     0
other drops                  0
pl drops                     0
vq drops                     0
other drops                  0
eb drops                     4135883724
other drops                  0
eb drops                     0
other drops                  0
eb drops                     0
other drops                  0
eb drops                     0
other drops                  0
eb drops                     0
other drops                  0
eb drops                     0
other drops                  0
eb drops                     0
other drops                  0
eb drops                     0
other drops                  0
[]
>>> ================================ RESTART ================================
>>> 
pl drops                     0
vq drops                     0
other drops                  0
pl drops                     0
vq drops                     0
other drops                  0
pl drops                     0
vq drops                     0
other drops                  0
pl drops                     0
vq drops                     0
other drops                  0
eb drops                     4135883724
other drops                  0
eb drops                     0
other drops                  0
eb drops                     0
other drops                  0
eb drops                     0
other drops                  0
eb drops                     0
other drops                  0
eb drops                     0
other drops                  0
eb drops                     0
other drops                  0
eb drops                     0
other drops                  0
[{'mode': 'receive',
  'other drops': '0',
  'pl drops': '0',
  'queue': '8021qav-4q8q-in-q-default',
  'total bytes': '8580832',
  'total packets': '133728',
  'vq drops': '0'},
 {'mode': 'receive',
  'other drops': '0',
  'pl drops': '0',
  'queue': '8021qav-4q8q-in-q1',
  'total bytes': '445873169',
  'total packets': '5563074',
  'vq drops': '0'},
 {'mode': 'receive',
  'other drops': '0',
  'pl drops': '0',
  'queue': '8021qav-4q8q-in-q4',
  'total bytes': '0',
  'total packets': '0',
  'vq drops': '0'},
 {'mode': 'receive',
  'other drops': '0',
  'pl drops': '0',
  'queue': '8021qav-4q8q-in-q3',
  'total bytes': '177663812949882',
  'total packets': '1410030261677',
  'vq drops': '0'},
 {'eb drops': '4135883724',
  'mode': 'transmit',
  'other drops': '0',
  'queue': '8021qav-4q8q-out-q4',
  'total bytes': '0',
  'total packets': '0'},
 {'eb drops': '0',
  'mode': 'transmit',
  'other drops': '0',
  'queue': '8021qav-4q8q-out-q5',
  'total bytes': '0',
  'total packets': '0'},
 {'eb drops': '0',
  'mode': 'transmit',
  'other drops': '0',
  'queue': '8021qav-4q8q-out-q6',
  'total bytes': '0',
  'total packets': '0'},
 {'eb drops': '0',
  'mode': 'transmit',
  'other drops': '0',
  'queue': '8021qav-4q8q-out-q7',
  'total bytes': '0',
  'total packets': '0'},
 {'eb drops': '0',
  'mode': 'transmit',
  'other drops': '0',
  'queue': '8021qav-4q8q-out-q1',
  'total bytes': '0',
  'total packets': '0'},
 {'eb drops': '0',
  'mode': 'transmit',
  'other drops': '0',
  'queue': '8021qav-4q8q-out-q2',
  'total bytes': '0',
  'total packets': '0'},
 {'eb drops': '0',
  'mode': 'transmit',
  'other drops': '0',
  'queue': '8021qav-4q8q-out-q3',
  'total bytes': '0',
  'total packets': '0'},
 {'eb drops': '0',
  'mode': 'transmit',
  'other drops': '0',
  'queue': '8021qav-4q8q-out-q-default',
  'total bytes': '50016709541',
  'total packets': '478494546'}]
>>> ================================ RESTART ================================
>>> 
[{'mode': 'receive',
  'other drops': '0',
  'pl drops': '0',
  'queue': '8021qav-4q8q-in-q-default',
  'total bytes': '8580832',
  'total packets': '133728',
  'vq drops': '0'},
 {'mode': 'receive',
  'other drops': '0',
  'pl drops': '0',
  'queue': '8021qav-4q8q-in-q1',
  'total bytes': '445873169',
  'total packets': '5563074',
  'vq drops': '0'},
 {'mode': 'receive',
  'other drops': '0',
  'pl drops': '0',
  'queue': '8021qav-4q8q-in-q4',
  'total bytes': '0',
  'total packets': '0',
  'vq drops': '0'},
 {'mode': 'receive',
  'other drops': '0',
  'pl drops': '0',
  'queue': '8021qav-4q8q-in-q3',
  'total bytes': '177663812949882',
  'total packets': '1410030261677',
  'vq drops': '0'},
 {'eb drops': '4135883724',
  'mode': 'transmit',
  'other drops': '0',
  'queue': '8021qav-4q8q-out-q4',
  'total bytes': '0',
  'total packets': '0'},
 {'eb drops': '0',
  'mode': 'transmit',
  'other drops': '0',
  'queue': '8021qav-4q8q-out-q5',
  'total bytes': '0',
  'total packets': '0'},
 {'eb drops': '0',
  'mode': 'transmit',
  'other drops': '0',
  'queue': '8021qav-4q8q-out-q6',
  'total bytes': '0',
  'total packets': '0'},
 {'eb drops': '0',
  'mode': 'transmit',
  'other drops': '0',
  'queue': '8021qav-4q8q-out-q7',
  'total bytes': '0',
  'total packets': '0'},
 {'eb drops': '0',
  'mode': 'transmit',
  'other drops': '0',
  'queue': '8021qav-4q8q-out-q1',
  'total bytes': '0',
  'total packets': '0'},
 {'eb drops': '0',
  'mode': 'transmit',
  'other drops': '0',
  'queue': '8021qav-4q8q-out-q2',
  'total bytes': '0',
  'total packets': '0'},
 {'eb drops': '0',
  'mode': 'transmit',
  'other drops': '0',
  'queue': '8021qav-4q8q-out-q3',
  'total bytes': '0',
  'total packets': '0'},
 {'eb drops': '0',
  'mode': 'transmit',
  'other drops': '0',
  'queue': '8021qav-4q8q-out-q-default',
  'total bytes': '50016709541',
  'total packets': '478494546'}]
>>> ================================ RESTART ================================
>>> 

Traceback (most recent call last):
  File "/Users/raymond/Dropbox/Public/sj127/show_queue_stats.py", line 29, in <module>
    pprint(qstats)
NameError: name 'qstats' is not defined
>>> ================================ RESTART ================================
>>> 
[{'mode': 'receive',
  'other drops': '0',
  'pl drops': '0',
  'queue': '8021qav-4q8q-in-q-default',
  'total bytes': '8580832',
  'total packets': '133728',
  'vq drops': '0'},
 {'mode': 'receive',
  'other drops': '0',
  'pl drops': '0',
  'queue': '8021qav-4q8q-in-q1',
  'total bytes': '445873169',
  'total packets': '5563074',
  'vq drops': '0'},
 {'mode': 'receive',
  'other drops': '0',
  'pl drops': '0',
  'queue': '8021qav-4q8q-in-q4',
  'total bytes': '0',
  'total packets': '0',
  'vq drops': '0'},
 {'mode': 'receive',
  'other drops': '0',
  'pl drops': '0',
  'queue': '8021qav-4q8q-in-q3',
  'total bytes': '177663812949882',
  'total packets': '1410030261677',
  'vq drops': '0'},
 {'eb drops': '4135883724',
  'mode': 'transmit',
  'other drops': '0',
  'queue': '8021qav-4q8q-out-q4',
  'total bytes': '0',
  'total packets': '0'},
 {'eb drops': '0',
  'mode': 'transmit',
  'other drops': '0',
  'queue': '8021qav-4q8q-out-q5',
  'total bytes': '0',
  'total packets': '0'},
 {'eb drops': '0',
  'mode': 'transmit',
  'other drops': '0',
  'queue': '8021qav-4q8q-out-q6',
  'total bytes': '0',
  'total packets': '0'},
 {'eb drops': '0',
  'mode': 'transmit',
  'other drops': '0',
  'queue': '8021qav-4q8q-out-q7',
  'total bytes': '0',
  'total packets': '0'},
 {'eb drops': '0',
  'mode': 'transmit',
  'other drops': '0',
  'queue': '8021qav-4q8q-out-q1',
  'total bytes': '0',
  'total packets': '0'},
 {'eb drops': '0',
  'mode': 'transmit',
  'other drops': '0',
  'queue': '8021qav-4q8q-out-q2',
  'total bytes': '0',
  'total packets': '0'},
 {'eb drops': '0',
  'mode': 'transmit',
  'other drops': '0',
  'queue': '8021qav-4q8q-out-q3',
  'total bytes': '0',
  'total packets': '0'},
 {'eb drops': '0',
  'mode': 'transmit',
  'other drops': '0',
  'queue': '8021qav-4q8q-out-q-default',
  'total bytes': '50016709541',
  'total packets': '478494546'}]
>>> ================================ RESTART ================================
>>> 
[{'mode': 'receive',
  'other drops': '0',
  'pl drops': '0',
  'queue': '8021qav-4q8q-in-q-default',
  'total bytes': '8580832',
  'total packets': '133728',
  'vq drops': '0'},
 {'mode': 'receive',
  'other drops': '0',
  'pl drops': '0',
  'queue': '8021qav-4q8q-in-q1',
  'total bytes': '445873169',
  'total packets': '5563074',
  'vq drops': '0'},
 {'mode': 'receive',
  'other drops': '0',
  'pl drops': '0',
  'queue': '8021qav-4q8q-in-q4',
  'total bytes': '0',
  'total packets': '0',
  'vq drops': '0'},
 {'mode': 'receive',
  'other drops': '0',
  'pl drops': '0',
  'queue': '8021qav-4q8q-in-q3',
  'total bytes': '177663812949882',
  'total packets': '1410030261677',
  'vq drops': '0'},
 {'eb drops': '4135883724',
  'mode': 'transmit',
  'other drops': '0',
  'queue': '8021qav-4q8q-out-q4',
  'total bytes': '0',
  'total packets': '0'},
 {'eb drops': '0',
  'mode': 'transmit',
  'other drops': '0',
  'queue': '8021qav-4q8q-out-q5',
  'total bytes': '0',
  'total packets': '0'},
 {'eb drops': '0',
  'mode': 'transmit',
  'other drops': '0',
  'queue': '8021qav-4q8q-out-q6',
  'total bytes': '0',
  'total packets': '0'},
 {'eb drops': '0',
  'mode': 'transmit',
  'other drops': '0',
  'queue': '8021qav-4q8q-out-q7',
  'total bytes': '0',
  'total packets': '0'},
 {'eb drops': '0',
  'mode': 'transmit',
  'other drops': '0',
  'queue': '8021qav-4q8q-out-q1',
  'total bytes': '0',
  'total packets': '0'},
 {'eb drops': '0',
  'mode': 'transmit',
  'other drops': '0',
  'queue': '8021qav-4q8q-out-q2',
  'total bytes': '0',
  'total packets': '0'},
 {'eb drops': '0',
  'mode': 'transmit',
  'other drops': '0',
  'queue': '8021qav-4q8q-out-q3',
  'total bytes': '0',
  'total packets': '0'},
 {'eb drops': '0',
  'mode': 'transmit',
  'other drops': '0',
  'queue': '8021qav-4q8q-out-q-default',
  'total bytes': '50016709541',
  'total packets': '478494546'}]
>>> ================================ RESTART ================================
>>> 
{
    "kind": "collection#dns-server",
    "items": [
        {
            "kind": "object#dns-server",
            "ip-address": "173.25.25.25",
            "primary": true
        },
        {
            "kind": "object#dns-server",
            "ip-address": "173.25.25.26",
            "primary": false
        }
    ]
}

>>> ================================ RESTART ================================
>>> 
>>> ================================ RESTART ================================
>>> 
>>> ================================ RESTART ================================
>>> 
>>> type(response)
<type 'dict'>
>>> response.keys()
[u'items', u'kind']
>>> response.values()
[[{u'kind': u'object#dns-server', u'primary': True, u'ip-address': u'173.25.25.25'}, {u'kind': u'object#dns-server', u'primary': False, u'ip-address': u'173.25.25.26'}], u'collection#dns-server']
>>> from pprint import pprint
>>> pprint(response)
{u'items': [{u'ip-address': u'173.25.25.25',
             u'kind': u'object#dns-server',
             u'primary': True},
            {u'ip-address': u'173.25.25.26',
             u'kind': u'object#dns-server',
             u'primary': False}],
 u'kind': u'collection#dns-server'}
>>> ================================ RESTART ================================
>>> 
{u'kind': u'object#dns-server', u'primary': True, u'ip-address': u'173.25.25.25'}
{u'kind': u'object#dns-server', u'primary': False, u'ip-address': u'173.25.25.26'}
>>> ================================ RESTART ================================
>>> 
173.25.25.25
True

173.25.25.26
False

>>> ================================ RESTART ================================
>>> 
   173.25.25.25 primary status is True
   173.25.25.26 primary status is False
>>> ================================ RESTART ================================
>>> 
   173.25.25.25 primary status is True
   173.25.25.26 primary status is False
>>> ================================ RESTART ================================
>>> 
173.25.25.25    primary status is True
173.25.25.26    primary status is False
>>> ================================ RESTART ================================
>>> 
{
    "bk103": {
        "description": "After the collapse of a nanotechnology \n      society in England, the young survivors lay the \n      foundation for a new society.", 
        "title": "Maeve Ascendant", 
        "price": 5.95, 
        "author": "Corets, Eva", 
        "publish_date": "2000-11-17", 
        "genre": "Fantasy"
    }, 
    "bk102": {
        "description": "A former architect battles corporate zombies, \n      an evil sorceress, and her own childhood to become queen \n      of the world.", 
        "title": "Midnight Rain", 
        "price": 5.95, 
        "author": "Ralls, Kim", 
        "publish_date": "2000-12-16", 
        "genre": "Fantasy"
    }, 
    "bk101": {
        "description": "An in-depth look at creating applications \n      with XML.", 
        "title": "XML Developer's Guide", 
        "price": 44.95, 
        "author": "Gambardella, Matthew", 
        "publish_date": "2000-10-01", 
        "genre": "Computer"
    }, 
    "bk107": {
        "description": "A deep sea diver finds true love twenty \n      thousand leagues beneath the sea.", 
        "title": "Splish Splash", 
        "price": 4.95, 
        "author": "Thurman, Paula", 
        "publish_date": "2000-11-02", 
        "genre": "Romance"
    }, 
    "bk106": {
        "description": "When Carla meets Paul at an ornithology \n      conference, tempers fly as feathers get ruffled.", 
        "title": "Lover Birds", 
        "price": 4.95, 
        "author": "Randall, Cynthia", 
        "publish_date": "2000-09-02", 
        "genre": "Romance"
    }, 
    "bk105": {
        "description": "The two daughters of Maeve, half-sisters, \n      battle one another for control of England. Sequel to \n      Oberon's Legacy.", 
        "title": "The Sundered Grail", 
        "price": 5.95, 
        "author": "Corets, Eva", 
        "publish_date": "2001-09-10", 
        "genre": "Fantasy"
    }, 
    "bk104": {
        "description": "In post-apocalypse England, the mysterious \n      agent known only as Oberon helps to create a new life \n      for the inhabitants of London. Sequel to Maeve \n      Ascendant.", 
        "title": "Oberon's Legacy", 
        "price": 5.95, 
        "author": "Corets, Eva", 
        "publish_date": "2001-03-10", 
        "genre": "Fantasy"
    }, 
    "bk109": {
        "description": "After an inadvertant trip through a Heisenberg\n      Uncertainty Device, James Salway discovers the problems \n      of being quantum.", 
        "title": "Paradox Lost", 
        "price": 6.95, 
        "author": "Kress, Peter", 
        "publish_date": "2000-11-02", 
        "genre": "Science Fiction"
    }, 
    "bk108": {
        "description": "An anthology of horror stories about roaches,\n      centipedes, scorpions  and other insects.", 
        "title": "Creepy Crawlies", 
        "price": 4.95, 
        "author": "Knorr, Stefan", 
        "publish_date": "2000-12-06", 
        "genre": "Horror"
    }, 
    "bk110": {
        "description": "Microsoft's .NET initiative is explored in \n      detail in this deep programmer's reference.", 
        "title": "Microsoft .NET: The Programming Bible", 
        "price": 36.95, 
        "author": "O'Brien, Tim", 
        "publish_date": "2000-12-09", 
        "genre": "Computer"
    }, 
    "bk111": {
        "description": "The Microsoft MSXML3 parser is covered in \n      detail, with attention to XML DOM interfaces, XSLT processing, \n      SAX and more.", 
        "title": "MSXML3: A Comprehensive Guide", 
        "price": 36.95, 
        "author": "O'Brien, Tim", 
        "publish_date": "2000-12-01", 
        "genre": "Computer"
    }, 
    "bk112": {
        "description": "Microsoft Visual Studio 7 is explored in depth,\n      looking at how Visual Basic, Visual C++, C#, and ASP+ are \n      integrated into a comprehensive development \n      environment.", 
        "title": "Visual Studio 7: A Comprehensive Guide", 
        "price": 49.95, 
        "author": "Galos, Mike", 
        "publish_date": "2001-04-16", 
        "genre": "Computer"
    }
}

>>> ================================ RESTART ================================
>>> 
>>> type(catalog)
<type 'dict'>
>>> catalog.keys()
[u'bk103', u'bk102', u'bk101', u'bk107', u'bk106', u'bk105', u'bk104', u'bk109', u'bk108', u'bk110', u'bk111', u'bk112']
>>> 
>>> ================================ RESTART ================================
>>> 
Task 1:  List all the book identifiers
[u'bk103', u'bk102', u'bk101', u'bk107', u'bk106', u'bk105', u'bk104', u'bk109', u'bk108', u'bk110', u'bk111', u'bk112']
>>> ================================ RESTART ================================
>>> 
Task 1:  List all the book identifiers
bk103
bk102
bk101
bk107
bk106
bk105
bk104
bk109
bk108
bk110
bk111
bk112
>>> ================================ RESTART ================================
>>> 
Task 1:  List all the book identifiers
bk103
bk102
bk101
bk107
bk106
bk105
bk104
bk109
bk108
bk110
bk111
bk112
>>> ================================ RESTART ================================
>>> 
Task 1:  List all the book identifiers
bk101
bk102
bk103
bk104
bk105
bk106
bk107
bk108
bk109
bk110
bk111
bk112
>>> ================================ RESTART ================================
>>> 
Task 1:  List all the book identifiers
bk101
bk102
bk103
bk104
bk105
bk106
bk107
bk108
bk109
bk110
bk111
bk112
Task 2:  Show all the book titles
{u'description': u'After the collapse of a nanotechnology \n      society in England, the young survivors lay the \n      foundation for a new society.', u'author': u'Corets, Eva', u'price': 5.95, u'title': u'Maeve Ascendant', u'publish_date': u'2000-11-17', u'genre': u'Fantasy'}
{u'description': u'A former architect battles corporate zombies, \n      an evil sorceress, and her own childhood to become queen \n      of the world.', u'author': u'Ralls, Kim', u'price': 5.95, u'title': u'Midnight Rain', u'publish_date': u'2000-12-16', u'genre': u'Fantasy'}
{u'description': u'An in-depth look at creating applications \n      with XML.', u'author': u'Gambardella, Matthew', u'price': 44.95, u'title': u"XML Developer's Guide", u'publish_date': u'2000-10-01', u'genre': u'Computer'}
{u'description': u'A deep sea diver finds true love twenty \n      thousand leagues beneath the sea.', u'author': u'Thurman, Paula', u'price': 4.95, u'title': u'Splish Splash', u'publish_date': u'2000-11-02', u'genre': u'Romance'}
{u'description': u'When Carla meets Paul at an ornithology \n      conference, tempers fly as feathers get ruffled.', u'author': u'Randall, Cynthia', u'price': 4.95, u'title': u'Lover Birds', u'publish_date': u'2000-09-02', u'genre': u'Romance'}
{u'description': u"The two daughters of Maeve, half-sisters, \n      battle one another for control of England. Sequel to \n      Oberon's Legacy.", u'author': u'Corets, Eva', u'price': 5.95, u'title': u'The Sundered Grail', u'publish_date': u'2001-09-10', u'genre': u'Fantasy'}
{u'description': u'In post-apocalypse England, the mysterious \n      agent known only as Oberon helps to create a new life \n      for the inhabitants of London. Sequel to Maeve \n      Ascendant.', u'author': u'Corets, Eva', u'price': 5.95, u'title': u"Oberon's Legacy", u'publish_date': u'2001-03-10', u'genre': u'Fantasy'}
{u'description': u'After an inadvertant trip through a Heisenberg\n      Uncertainty Device, James Salway discovers the problems \n      of being quantum.', u'author': u'Kress, Peter', u'price': 6.95, u'title': u'Paradox Lost', u'publish_date': u'2000-11-02', u'genre': u'Science Fiction'}
{u'description': u'An anthology of horror stories about roaches,\n      centipedes, scorpions  and other insects.', u'author': u'Knorr, Stefan', u'price': 4.95, u'title': u'Creepy Crawlies', u'publish_date': u'2000-12-06', u'genre': u'Horror'}
{u'description': u"Microsoft's .NET initiative is explored in \n      detail in this deep programmer's reference.", u'author': u"O'Brien, Tim", u'price': 36.95, u'title': u'Microsoft .NET: The Programming Bible', u'publish_date': u'2000-12-09', u'genre': u'Computer'}
{u'description': u'The Microsoft MSXML3 parser is covered in \n      detail, with attention to XML DOM interfaces, XSLT processing, \n      SAX and more.', u'author': u"O'Brien, Tim", u'price': 36.95, u'title': u'MSXML3: A Comprehensive Guide', u'publish_date': u'2000-12-01', u'genre': u'Computer'}
{u'description': u'Microsoft Visual Studio 7 is explored in depth,\n      looking at how Visual Basic, Visual C++, C#, and ASP+ are \n      integrated into a comprehensive development \n      environment.', u'author': u'Galos, Mike', u'price': 49.95, u'title': u'Visual Studio 7: A Comprehensive Guide', u'publish_date': u'2001-04-16', u'genre': u'Computer'}
>>> book
{u'description': u'Microsoft Visual Studio 7 is explored in depth,\n      looking at how Visual Basic, Visual C++, C#, and ASP+ are \n      integrated into a comprehensive development \n      environment.', u'author': u'Galos, Mike', u'price': 49.95, u'title': u'Visual Studio 7: A Comprehensive Guide', u'publish_date': u'2001-04-16', u'genre': u'Computer'}
>>> 
>>> 
>>> books

Traceback (most recent call last):
  File "<pyshell#137>", line 1, in <module>
    books
NameError: name 'books' is not defined
>>> book
{u'description': u'Microsoft Visual Studio 7 is explored in depth,\n      looking at how Visual Basic, Visual C++, C#, and ASP+ are \n      integrated into a comprehensive development \n      environment.', u'author': u'Galos, Mike', u'price': 49.95, u'title': u'Visual Studio 7: A Comprehensive Guide', u'publish_date': u'2001-04-16', u'genre': u'Computer'}
>>> ================================ RESTART ================================
>>> 
Task 1:  List all the book identifiers
bk101
bk102
bk103
bk104
bk105
bk106
bk107
bk108
bk109
bk110
bk111
bk112
Task 2:  Show all the book titles
Maeve Ascendant
Midnight Rain
XML Developer's Guide
Splish Splash
Lover Birds
The Sundered Grail
Oberon's Legacy
Paradox Lost
Creepy Crawlies
Microsoft .NET: The Programming Bible
MSXML3: A Comprehensive Guide
Visual Studio 7: A Comprehensive Guide
>>> ================================ RESTART ================================
>>> 
Task 1:  List all the book identifiers
bk101
bk102
bk103
bk104
bk105
bk106
bk107
bk108
bk109
bk110
bk111
bk112
Task 2:  Show all the book titles
Maeve Ascendant
Midnight Rain
XML Developer's Guide
Splish Splash
Lover Birds
The Sundered Grail
Oberon's Legacy
Paradox Lost
Creepy Crawlies
Microsoft .NET: The Programming Bible
MSXML3: A Comprehensive Guide
Visual Studio 7: A Comprehensive Guide
Task 3:  Author and Pub date of bk105
>>> ================================ RESTART ================================
>>> 
Task 1:  List all the book identifiers
bk101
bk102
bk103
bk104
bk105
bk106
bk107
bk108
bk109
bk110
bk111
bk112
Task 2:  Show all the book titles
Maeve Ascendant
Midnight Rain
XML Developer's Guide
Splish Splash
Lover Birds
The Sundered Grail
Oberon's Legacy
Paradox Lost
Creepy Crawlies
Microsoft .NET: The Programming Bible
MSXML3: A Comprehensive Guide
Visual Studio 7: A Comprehensive Guide
Task 3:  Author and Pub date of bk105
{u'description': u"The two daughters of Maeve, half-sisters, \n      battle one another for control of England. Sequel to \n      Oberon's Legacy.", u'author': u'Corets, Eva', u'price': 5.95, u'title': u'The Sundered Grail', u'publish_date': u'2001-09-10', u'genre': u'Fantasy'}
>>> ================================ RESTART ================================
>>> 
Task 1:  List all the book identifiers
bk101
bk102
bk103
bk104
bk105
bk106
bk107
bk108
bk109
bk110
bk111
bk112
Task 2:  Show all the book titles
Maeve Ascendant
Midnight Rain
XML Developer's Guide
Splish Splash
Lover Birds
The Sundered Grail
Oberon's Legacy
Paradox Lost
Creepy Crawlies
Microsoft .NET: The Programming Bible
MSXML3: A Comprehensive Guide
Visual Studio 7: A Comprehensive Guide
Task 3:  Author and Pub date of bk105
Corets, Eva
2001-09-10
>>> ================================ RESTART ================================
>>> 
Task 1:  List all the book identifiers
bk101
bk102
bk103
bk104
bk105
bk106
bk107
bk108
bk109
bk110
bk111
bk112
Task 2:  Show all the book titles
Maeve Ascendant
Midnight Rain
XML Developer's Guide
Splish Splash
Lover Birds
The Sundered Grail
Oberon's Legacy
Paradox Lost
Creepy Crawlies
Microsoft .NET: The Programming Bible
MSXML3: A Comprehensive Guide
Visual Studio 7: A Comprehensive Guide
Task 3:  Author and Pub date of bk105
Corets, Eva 2001-09-10
>>> ================================ RESTART ================================
>>> 
Task 1:  List all the book identifiers
bk101
bk102
bk103
bk104
bk105
bk106
bk107
bk108
bk109
bk110
bk111
bk112
Task 2:  Show all the book titles
Maeve Ascendant
Midnight Rain
XML Developer's Guide
Splish Splash
Lover Birds
The Sundered Grail
Oberon's Legacy
Paradox Lost
Creepy Crawlies
Microsoft .NET: The Programming Bible
MSXML3: A Comprehensive Guide
Visual Studio 7: A Comprehensive Guide
Task 3:  Author and Pub date of bk105
Corets, Eva --> 2001-09-10
>>> ================================ RESTART ================================
>>> 
Task 1:  List all the book identifiers
bk101
bk102
bk103
bk104
bk105
bk106
bk107
bk108
bk109
bk110
bk111
bk112
Task 2:  Show all the book titles
Maeve Ascendant
Midnight Rain
XML Developer's Guide
Splish Splash
Lover Birds
The Sundered Grail
Oberon's Legacy
Paradox Lost
Creepy Crawlies
Microsoft .NET: The Programming Bible
MSXML3: A Comprehensive Guide
Visual Studio 7: A Comprehensive Guide
Task 3:  Author and Pub date of bk105
Corets, Eva --> 2001-09-10
Task 4:  Author and price of computer books
{u'description': u'After the collapse of a nanotechnology \n      society in England, the young survivors lay the \n      foundation for a new society.', u'author': u'Corets, Eva', u'price': 5.95, u'title': u'Maeve Ascendant', u'publish_date': u'2000-11-17', u'genre': u'Fantasy'}
{u'description': u'A former architect battles corporate zombies, \n      an evil sorceress, and her own childhood to become queen \n      of the world.', u'author': u'Ralls, Kim', u'price': 5.95, u'title': u'Midnight Rain', u'publish_date': u'2000-12-16', u'genre': u'Fantasy'}
{u'description': u'An in-depth look at creating applications \n      with XML.', u'author': u'Gambardella, Matthew', u'price': 44.95, u'title': u"XML Developer's Guide", u'publish_date': u'2000-10-01', u'genre': u'Computer'}
{u'description': u'A deep sea diver finds true love twenty \n      thousand leagues beneath the sea.', u'author': u'Thurman, Paula', u'price': 4.95, u'title': u'Splish Splash', u'publish_date': u'2000-11-02', u'genre': u'Romance'}
{u'description': u'When Carla meets Paul at an ornithology \n      conference, tempers fly as feathers get ruffled.', u'author': u'Randall, Cynthia', u'price': 4.95, u'title': u'Lover Birds', u'publish_date': u'2000-09-02', u'genre': u'Romance'}
{u'description': u"The two daughters of Maeve, half-sisters, \n      battle one another for control of England. Sequel to \n      Oberon's Legacy.", u'author': u'Corets, Eva', u'price': 5.95, u'title': u'The Sundered Grail', u'publish_date': u'2001-09-10', u'genre': u'Fantasy'}
{u'description': u'In post-apocalypse England, the mysterious \n      agent known only as Oberon helps to create a new life \n      for the inhabitants of London. Sequel to Maeve \n      Ascendant.', u'author': u'Corets, Eva', u'price': 5.95, u'title': u"Oberon's Legacy", u'publish_date': u'2001-03-10', u'genre': u'Fantasy'}
{u'description': u'After an inadvertant trip through a Heisenberg\n      Uncertainty Device, James Salway discovers the problems \n      of being quantum.', u'author': u'Kress, Peter', u'price': 6.95, u'title': u'Paradox Lost', u'publish_date': u'2000-11-02', u'genre': u'Science Fiction'}
{u'description': u'An anthology of horror stories about roaches,\n      centipedes, scorpions  and other insects.', u'author': u'Knorr, Stefan', u'price': 4.95, u'title': u'Creepy Crawlies', u'publish_date': u'2000-12-06', u'genre': u'Horror'}
{u'description': u"Microsoft's .NET initiative is explored in \n      detail in this deep programmer's reference.", u'author': u"O'Brien, Tim", u'price': 36.95, u'title': u'Microsoft .NET: The Programming Bible', u'publish_date': u'2000-12-09', u'genre': u'Computer'}
{u'description': u'The Microsoft MSXML3 parser is covered in \n      detail, with attention to XML DOM interfaces, XSLT processing, \n      SAX and more.', u'author': u"O'Brien, Tim", u'price': 36.95, u'title': u'MSXML3: A Comprehensive Guide', u'publish_date': u'2000-12-01', u'genre': u'Computer'}
{u'description': u'Microsoft Visual Studio 7 is explored in depth,\n      looking at how Visual Basic, Visual C++, C#, and ASP+ are \n      integrated into a comprehensive development \n      environment.', u'author': u'Galos, Mike', u'price': 49.95, u'title': u'Visual Studio 7: A Comprehensive Guide', u'publish_date': u'2001-04-16', u'genre': u'Computer'}
>>> ================================ RESTART ================================
>>> 
Task 1:  List all the book identifiers
bk101
bk102
bk103
bk104
bk105
bk106
bk107
bk108
bk109
bk110
bk111
bk112
Task 2:  Show all the book titles
Maeve Ascendant
Midnight Rain
XML Developer's Guide
Splish Splash
Lover Birds
The Sundered Grail
Oberon's Legacy
Paradox Lost
Creepy Crawlies
Microsoft .NET: The Programming Bible
MSXML3: A Comprehensive Guide
Visual Studio 7: A Comprehensive Guide
Task 3:  Author and Pub date of bk105
Corets, Eva --> 2001-09-10
Task 4:  Author and price of computer books
Fantasy
Fantasy
Computer
Romance
Romance
Fantasy
Fantasy
Science Fiction
Horror
Computer
Computer
Computer
>>> ================================ RESTART ================================
>>> 
Task 1:  List all the book identifiers
bk101
bk102
bk103
bk104
bk105
bk106
bk107
bk108
bk109
bk110
bk111
bk112
Task 2:  Show all the book titles
Maeve Ascendant
Midnight Rain
XML Developer's Guide
Splish Splash
Lover Birds
The Sundered Grail
Oberon's Legacy
Paradox Lost
Creepy Crawlies
Microsoft .NET: The Programming Bible
MSXML3: A Comprehensive Guide
Visual Studio 7: A Comprehensive Guide
Task 3:  Author and Pub date of bk105
Corets, Eva --> 2001-09-10
Task 4:  Author and price of computer books
>>> ================================ RESTART ================================
>>> 
Task 1:  List all the book identifiers
bk101
bk102
bk103
bk104
bk105
bk106
bk107
bk108
bk109
bk110
bk111
bk112
Task 2:  Show all the book titles
Maeve Ascendant
Midnight Rain
XML Developer's Guide
Splish Splash
Lover Birds
The Sundered Grail
Oberon's Legacy
Paradox Lost
Creepy Crawlies
Microsoft .NET: The Programming Bible
MSXML3: A Comprehensive Guide
Visual Studio 7: A Comprehensive Guide
Task 3:  Author and Pub date of bk105
Corets, Eva --> 2001-09-10
Task 4:  Author and price of computer books
{u'description': u'An in-depth look at creating applications \n      with XML.', u'author': u'Gambardella, Matthew', u'price': 44.95, u'title': u"XML Developer's Guide", u'publish_date': u'2000-10-01', u'genre': u'Computer'}
{u'description': u"Microsoft's .NET initiative is explored in \n      detail in this deep programmer's reference.", u'author': u"O'Brien, Tim", u'price': 36.95, u'title': u'Microsoft .NET: The Programming Bible', u'publish_date': u'2000-12-09', u'genre': u'Computer'}
{u'description': u'The Microsoft MSXML3 parser is covered in \n      detail, with attention to XML DOM interfaces, XSLT processing, \n      SAX and more.', u'author': u"O'Brien, Tim", u'price': 36.95, u'title': u'MSXML3: A Comprehensive Guide', u'publish_date': u'2000-12-01', u'genre': u'Computer'}
{u'description': u'Microsoft Visual Studio 7 is explored in depth,\n      looking at how Visual Basic, Visual C++, C#, and ASP+ are \n      integrated into a comprehensive development \n      environment.', u'author': u'Galos, Mike', u'price': 49.95, u'title': u'Visual Studio 7: A Comprehensive Guide', u'publish_date': u'2001-04-16', u'genre': u'Computer'}
>>> ================================ RESTART ================================
>>> 
Task 1:  List all the book identifiers
bk101
bk102
bk103
bk104
bk105
bk106
bk107
bk108
bk109
bk110
bk111
bk112
Task 2:  Show all the book titles
Maeve Ascendant
Midnight Rain
XML Developer's Guide
Splish Splash
Lover Birds
The Sundered Grail
Oberon's Legacy
Paradox Lost
Creepy Crawlies
Microsoft .NET: The Programming Bible
MSXML3: A Comprehensive Guide
Visual Studio 7: A Comprehensive Guide
Task 3:  Author and Pub date of bk105
Corets, Eva --> 2001-09-10
Task 4:  Author and price of computer books
Gambardella, Matthew
O'Brien, Tim
O'Brien, Tim
Galos, Mike
>>> ================================ RESTART ================================
>>> 
Task 1:  List all the book identifiers
bk101
bk102
bk103
bk104
bk105
bk106
bk107
bk108
bk109
bk110
bk111
bk112
Task 2:  Show all the book titles
Maeve Ascendant
Midnight Rain
XML Developer's Guide
Splish Splash
Lover Birds
The Sundered Grail
Oberon's Legacy
Paradox Lost
Creepy Crawlies
Microsoft .NET: The Programming Bible
MSXML3: A Comprehensive Guide
Visual Studio 7: A Comprehensive Guide
Task 3:  Author and Pub date of bk105
Corets, Eva --> 2001-09-10
Task 4:  Author and price of computer books
Gambardella, Matthew
44.95
O'Brien, Tim
36.95
O'Brien, Tim
36.95
Galos, Mike
49.95
>>> ================================ RESTART ================================
>>> 
Task 1:  List all the book identifiers
bk101
bk102
bk103
bk104
bk105
bk106
bk107
bk108
bk109
bk110
bk111
bk112
Task 2:  Show all the book titles
Maeve Ascendant
Midnight Rain
XML Developer's Guide
Splish Splash
Lover Birds
The Sundered Grail
Oberon's Legacy
Paradox Lost
Creepy Crawlies
Microsoft .NET: The Programming Bible
MSXML3: A Comprehensive Guide
Visual Studio 7: A Comprehensive Guide
Task 3:  Author and Pub date of bk105
Corets, Eva --> 2001-09-10
Task 4:  Author and price of computer books
Gambardella, Matthew --> 44.95
O'Brien, Tim --> 36.95
O'Brien, Tim --> 36.95
Galos, Mike --> 49.95
>>> ================================ RESTART ================================
>>> 
Task 1:  List all the book identifiers
bk101
bk102
bk103
bk104
bk105
bk106
bk107
bk108
bk109
bk110
bk111
bk112
Task 2:  Show all the book titles
Maeve Ascendant
Midnight Rain
XML Developer's Guide
Splish Splash
Lover Birds
The Sundered Grail
Oberon's Legacy
Paradox Lost
Creepy Crawlies
Microsoft .NET: The Programming Bible
MSXML3: A Comprehensive Guide
Visual Studio 7: A Comprehensive Guide
Task 3:  Author and Pub date of bk105
Corets, Eva --> 2001-09-10
Task 4:  Author and price of computer books
Gambardella, Matthew --> 44.95
O'Brien, Tim --> 36.95
O'Brien, Tim --> 36.95
Galos, Mike --> 49.95
Task 5:  Show all metadata for bk107
{u'description': u'A deep sea diver finds true love twenty \n      thousand leagues beneath the sea.', u'author': u'Thurman, Paula', u'price': 4.95, u'title': u'Splish Splash', u'publish_date': u'2000-11-02', u'genre': u'Romance'}
>>> ================================ RESTART ================================
>>> 
Task 1:  List all the book identifiers
bk101
bk102
bk103
bk104
bk105
bk106
bk107
bk108
bk109
bk110
bk111
bk112
Task 2:  Show all the book titles
Maeve Ascendant
Midnight Rain
XML Developer's Guide
Splish Splash
Lover Birds
The Sundered Grail
Oberon's Legacy
Paradox Lost
Creepy Crawlies
Microsoft .NET: The Programming Bible
MSXML3: A Comprehensive Guide
Visual Studio 7: A Comprehensive Guide
Task 3:  Author and Pub date of bk105
Corets, Eva --> 2001-09-10
Task 4:  Author and price of computer books
Gambardella, Matthew --> 44.95
O'Brien, Tim --> 36.95
O'Brien, Tim --> 36.95
Galos, Mike --> 49.95
Task 5:  Show all metadata for bk107
DESCRIPTION
A deep sea diver finds true love twenty 
      thousand leagues beneath the sea.

AUTHOR
Thurman, Paula

PRICE
4.95

TITLE
Splish Splash

PUBLISH_DATE
2000-11-02

GENRE
Romance

>>> ================================ RESTART ================================
>>> 
>>> ================================ RESTART ================================
>>> 
>>> ================================ RESTART ================================
>>> 
>>> catalog
<xml.etree.ElementTree.ElementTree object at 0x1038ae2d0>
>>> ================================ RESTART ================================
>>> 
>>> catalog
<Element 'catalog' at 0x102f9cad0>
>>> 
>>> catalog.tag
'catalog'
>>> catalog.text
'\n   '
>>> catalog.attribs

Traceback (most recent call last):
  File "<pyshell#144>", line 1, in <module>
    catalog.attribs
AttributeError: 'Element' object has no attribute 'attribs'
>>> catalog.attrib
{}
>>> catalog.find('book')
<Element 'book' at 0x102f9cb10>
>>> catalog.find('book').attrib
{'id': 'bk101'}
>>> catalog.find('book').get('id')
'bk101'
>>> catalog.find('book').text
'\n      '
>>> catalog.find('book').find('author')
<Element 'author' at 0x102f9cb50>
>>> catalog.find('book').find('author').tag
'author'
>>> catalog.find('book').find('author').text
'Gambardella, Matthew'
>>> catalog.findall('book')
[<Element 'book' at 0x102f9cb10>, <Element 'book' at 0x102f9cf90>, <Element 'book' at 0x102fa4190>, <Element 'book' at 0x102fa4350>, <Element 'book' at 0x102fa4510>, <Element 'book' at 0x102fa46d0>, <Element 'book' at 0x102fa4890>, <Element 'book' at 0x102fa4a50>, <Element 'book' at 0x102fa4c10>, <Element 'book' at 0x102fa4dd0>, <Element 'book' at 0x102fa4f90>, <Element 'book' at 0x103c05190>]
>>> ================================ RESTART ================================
>>> 
Task 1:  List all the book identifiers
<Element 'book' at 0x1027a1b10>
<Element 'book' at 0x1027a1f90>
<Element 'book' at 0x1027a9190>
<Element 'book' at 0x1027a9350>
<Element 'book' at 0x1027a9510>
<Element 'book' at 0x1027a96d0>
<Element 'book' at 0x1027a9890>
<Element 'book' at 0x1027a9a50>
<Element 'book' at 0x1027a9c10>
<Element 'book' at 0x1027a9dd0>
<Element 'book' at 0x1027a9f90>
<Element 'book' at 0x103405190>
>>> ================================ RESTART ================================
>>> 
Task 1:  List all the book identifiers
bk101
bk102
bk103
bk104
bk105
bk106
bk107
bk108
bk109
bk110
bk111
bk112
>>> ================================ RESTART ================================
>>> 
Task 1:  List all the book identifiers
bk101
bk102
bk103
bk104
bk105
bk106
bk107
bk108
bk109
bk110
bk111
bk112
>>> ================================ RESTART ================================
>>> 
Task 1:  List all the book identifiers
bk101
bk102
bk103
bk104
bk105
bk106
bk107
bk108
bk109
bk110
bk111
bk112
>>> ================================ RESTART ================================
>>> 
Task 1:  List all the book identifiers
bk101
bk102
bk103
bk104
bk105
bk106
bk107
bk108
bk109
bk110
bk111
bk112
Task 2:  Show all the book titles
<Element 'book' at 0x1040afb10>
<Element 'book' at 0x1040aff90>
<Element 'book' at 0x1040b6190>
<Element 'book' at 0x1040b6350>
<Element 'book' at 0x1040b6510>
<Element 'book' at 0x1040b66d0>
<Element 'book' at 0x1040b6890>
<Element 'book' at 0x1040b6a50>
<Element 'book' at 0x1040b6c10>
<Element 'book' at 0x1040b6dd0>
<Element 'book' at 0x1040b6f90>
<Element 'book' at 0x1040c2190>
>>> ================================ RESTART ================================
>>> 
Task 1:  List all the book identifiers
bk101
bk102
bk103
bk104
bk105
bk106
bk107
bk108
bk109
bk110
bk111
bk112
Task 2:  Show all the book titles
<Element 'title' at 0x1040afcd0>
<Element 'title' at 0x1040b6050>
<Element 'title' at 0x1040b6210>
<Element 'title' at 0x1040b63d0>
<Element 'title' at 0x1040b6590>
<Element 'title' at 0x1040b6750>
<Element 'title' at 0x1040b6910>
<Element 'title' at 0x1040b6ad0>
<Element 'title' at 0x1040b6c90>
<Element 'title' at 0x1040b6e50>
<Element 'title' at 0x10450b050>
<Element 'title' at 0x10450b210>
>>> ================================ RESTART ================================
>>> 
Task 1:  List all the book identifiers
bk101
bk102
bk103
bk104
bk105
bk106
bk107
bk108
bk109
bk110
bk111
bk112
Task 2:  Show all the book titles
XML Developer's Guide
Midnight Rain
Maeve Ascendant
Oberon's Legacy
The Sundered Grail
Lover Birds
Splish Splash
Creepy Crawlies
Paradox Lost
Microsoft .NET: The Programming Bible
MSXML3: A Comprehensive Guide
Visual Studio 7: A Comprehensive Guide
>>> ================================ RESTART ================================
>>> 
Task 1:  List all the book identifiers
bk101
bk102
bk103
bk104
bk105
bk106
bk107
bk108
bk109
bk110
bk111
bk112
Task 2:  Show all the book titles
XML Developer's Guide
Midnight Rain
Maeve Ascendant
Oberon's Legacy
The Sundered Grail
Lover Birds
Splish Splash
Creepy Crawlies
Paradox Lost
Microsoft .NET: The Programming Bible
MSXML3: A Comprehensive Guide
Visual Studio 7: A Comprehensive Guide
XML Developer's Guide
Midnight Rain
Maeve Ascendant
Oberon's Legacy
The Sundered Grail
Lover Birds
Splish Splash
Creepy Crawlies
Paradox Lost
Microsoft .NET: The Programming Bible
MSXML3: A Comprehensive Guide
Visual Studio 7: A Comprehensive Guide
>>> ================================ RESTART ================================
>>> 
Task 1:  List all the book identifiers
bk101
bk102
bk103
bk104
bk105
bk106
bk107
bk108
bk109
bk110
bk111
bk112
Task 2:  Show all the book titles
XML Developer's Guide
Midnight Rain
Maeve Ascendant
Oberon's Legacy
The Sundered Grail
Lover Birds
Splish Splash
Creepy Crawlies
Paradox Lost
Microsoft .NET: The Programming Bible
MSXML3: A Comprehensive Guide
Visual Studio 7: A Comprehensive Guide
>>> ================================ RESTART ================================
>>> 
Task 1:  List all the book identifiers
bk101
bk102
bk103
bk104
bk105
bk106
bk107
bk108
bk109
bk110
bk111
bk112
Task 2:  Show all the book titles
XML Developer's Guide
Midnight Rain
Maeve Ascendant
Oberon's Legacy
The Sundered Grail
Lover Birds
Splish Splash
Creepy Crawlies
Paradox Lost
Microsoft .NET: The Programming Bible
MSXML3: A Comprehensive Guide
Visual Studio 7: A Comprehensive Guide
Task 3:  Author and Pub date of bk105
<Element 'book' at 0x1027a2b50>
<Element 'book' at 0x1027a2fd0>
<Element 'book' at 0x1027a91d0>
<Element 'book' at 0x1027a9390>
<Element 'book' at 0x1027a9550>
<Element 'book' at 0x1027a9710>
<Element 'book' at 0x1027a98d0>
<Element 'book' at 0x1027a9a90>
<Element 'book' at 0x1027a9c50>
<Element 'book' at 0x1027a9e10>
<Element 'book' at 0x1027a9fd0>
<Element 'book' at 0x1034051d0>
>>> ================================ RESTART ================================
>>> 
Task 1:  List all the book identifiers
bk101
bk102
bk103
bk104
bk105
bk106
bk107
bk108
bk109
bk110
bk111
bk112
Task 2:  Show all the book titles
XML Developer's Guide
Midnight Rain
Maeve Ascendant
Oberon's Legacy
The Sundered Grail
Lover Birds
Splish Splash
Creepy Crawlies
Paradox Lost
Microsoft .NET: The Programming Bible
MSXML3: A Comprehensive Guide
Visual Studio 7: A Comprehensive Guide
Task 3:  Author and Pub date of bk105
<Element 'author' at 0x102f9db90>
<Element 'author' at 0x102fa4050>
<Element 'author' at 0x102fa4210>
<Element 'author' at 0x102fa43d0>
<Element 'author' at 0x102fa4590>
<Element 'author' at 0x102fa4750>
<Element 'author' at 0x102fa4910>
<Element 'author' at 0x102fa4ad0>
<Element 'author' at 0x102fa4c90>
<Element 'author' at 0x102fa4e50>
<Element 'author' at 0x103c05050>
<Element 'author' at 0x103c05210>
>>> ================================ RESTART ================================
>>> 
Task 1:  List all the book identifiers
bk101
bk102
bk103
bk104
bk105
bk106
bk107
bk108
bk109
bk110
bk111
bk112
Task 2:  Show all the book titles
XML Developer's Guide
Midnight Rain
Maeve Ascendant
Oberon's Legacy
The Sundered Grail
Lover Birds
Splish Splash
Creepy Crawlies
Paradox Lost
Microsoft .NET: The Programming Bible
MSXML3: A Comprehensive Guide
Visual Studio 7: A Comprehensive Guide
Task 3:  Author and Pub date of bk105
Gambardella, Matthew
Ralls, Kim
Corets, Eva
Corets, Eva
Corets, Eva
Randall, Cynthia
Thurman, Paula
Knorr, Stefan
Kress, Peter
O'Brien, Tim
O'Brien, Tim
Galos, Mike
>>> ================================ RESTART ================================
>>> 
Task 1:  List all the book identifiers
bk101
bk102
bk103
bk104
bk105
bk106
bk107
bk108
bk109
bk110
bk111
bk112
Task 2:  Show all the book titles
XML Developer's Guide
Midnight Rain
Maeve Ascendant
Oberon's Legacy
The Sundered Grail
Lover Birds
Splish Splash
Creepy Crawlies
Paradox Lost
Microsoft .NET: The Programming Bible
MSXML3: A Comprehensive Guide
Visual Studio 7: A Comprehensive Guide
Task 3:  Author and Pub date of bk105
Gambardella, Matthew --> 2000-10-01
Ralls, Kim --> 2000-12-16
Corets, Eva --> 2000-11-17
Corets, Eva --> 2001-03-10
Corets, Eva --> 2001-09-10
Randall, Cynthia --> 2000-09-02
Thurman, Paula --> 2000-11-02
Knorr, Stefan --> 2000-12-06
Kress, Peter --> 2000-11-02
O'Brien, Tim --> 2000-12-09
O'Brien, Tim --> 2000-12-01
Galos, Mike --> 2001-04-16
>>> ================================ RESTART ================================
>>> 
Task 1:  List all the book identifiers
bk101
bk102
bk103
bk104
bk105
bk106
bk107
bk108
bk109
bk110
bk111
bk112
Task 2:  Show all the book titles
XML Developer's Guide
Midnight Rain
Maeve Ascendant
Oberon's Legacy
The Sundered Grail
Lover Birds
Splish Splash
Creepy Crawlies
Paradox Lost
Microsoft .NET: The Programming Bible
MSXML3: A Comprehensive Guide
Visual Studio 7: A Comprehensive Guide
Task 3:  Author and Pub date of bk105
bk101
bk102
bk103
bk104
bk105
bk106
bk107
bk108
bk109
bk110
bk111
bk112
>>> ================================ RESTART ================================
>>> 
Task 1:  List all the book identifiers
bk101
bk102
bk103
bk104
bk105
bk106
bk107
bk108
bk109
bk110
bk111
bk112
Task 2:  Show all the book titles
XML Developer's Guide
Midnight Rain
Maeve Ascendant
Oberon's Legacy
The Sundered Grail
Lover Birds
Splish Splash
Creepy Crawlies
Paradox Lost
Microsoft .NET: The Programming Bible
MSXML3: A Comprehensive Guide
Visual Studio 7: A Comprehensive Guide
Task 3:  Author and Pub date of bk105
<Element 'book' at 0x102fa4550>
>>> ================================ RESTART ================================
>>> 
Task 1:  List all the book identifiers
bk101
bk102
bk103
bk104
bk105
bk106
bk107
bk108
bk109
bk110
bk111
bk112
Task 2:  Show all the book titles
XML Developer's Guide
Midnight Rain
Maeve Ascendant
Oberon's Legacy
The Sundered Grail
Lover Birds
Splish Splash
Creepy Crawlies
Paradox Lost
Microsoft .NET: The Programming Bible
MSXML3: A Comprehensive Guide
Visual Studio 7: A Comprehensive Guide
Task 3:  Author and Pub date of bk105
Corets, Eva --> 2001-09-10
>>> ================================ RESTART ================================
>>> 
Task 1:  List all the book identifiers
bk101
bk102
bk103
bk104
bk105
bk106
bk107
bk108
bk109
bk110
bk111
bk112
Task 2:  Show all the book titles
XML Developer's Guide
Midnight Rain
Maeve Ascendant
Oberon's Legacy
The Sundered Grail
Lover Birds
Splish Splash
Creepy Crawlies
Paradox Lost
Microsoft .NET: The Programming Bible
MSXML3: A Comprehensive Guide
Visual Studio 7: A Comprehensive Guide
Task 3:  Author and Pub date of bk105
Corets, Eva --> 2001-09-10
None
>>> ================================ RESTART ================================
>>> 
Task 1:  List all the book identifiers
bk101
bk102
bk103
bk104
bk105
bk106
bk107
bk108
bk109
bk110
bk111
bk112
Task 2:  Show all the book titles
XML Developer's Guide
Midnight Rain
Maeve Ascendant
Oberon's Legacy
The Sundered Grail
Lover Birds
Splish Splash
Creepy Crawlies
Paradox Lost
Microsoft .NET: The Programming Bible
MSXML3: A Comprehensive Guide
Visual Studio 7: A Comprehensive Guide
Task 3:  Author and Pub date of bk105
Corets, Eva --> 2001-09-10
<Element 'book' at 0x102fa5510>
>>> ================================ RESTART ================================
>>> 
Task 1:  List all the book identifiers
bk101
bk102
bk103
bk104
bk105
bk106
bk107
bk108
bk109
bk110
bk111
bk112
Task 2:  Show all the book titles
XML Developer's Guide
Midnight Rain
Maeve Ascendant
Oberon's Legacy
The Sundered Grail
Lover Birds
Splish Splash
Creepy Crawlies
Paradox Lost
Microsoft .NET: The Programming Bible
MSXML3: A Comprehensive Guide
Visual Studio 7: A Comprehensive Guide
Task 3:  Author and Pub date of bk105
Corets, Eva --> 2001-09-10
Corets, Eva --> 2001-09-10
>>> ================================ RESTART ================================
>>> 
Task 1:  List all the book identifiers
bk101
bk102
bk103
bk104
bk105
bk106
bk107
bk108
bk109
bk110
bk111
bk112
Task 2:  Show all the book titles
XML Developer's Guide
Midnight Rain
Maeve Ascendant
Oberon's Legacy
The Sundered Grail
Lover Birds
Splish Splash
Creepy Crawlies
Paradox Lost
Microsoft .NET: The Programming Bible
MSXML3: A Comprehensive Guide
Visual Studio 7: A Comprehensive Guide
Task 3:  Author and Pub date of bk105
Corets, Eva --> 2001-09-10
Task 4:  Author and price of computer books
<Element 'book' at 0x1038afb10>
<Element 'book' at 0x1038aff90>
<Element 'book' at 0x1038b6190>
<Element 'book' at 0x1038b6350>
<Element 'book' at 0x1038b6510>
<Element 'book' at 0x1038b66d0>
<Element 'book' at 0x1038b6890>
<Element 'book' at 0x1038b6a50>
<Element 'book' at 0x1038b6c10>
<Element 'book' at 0x1038b6dd0>
<Element 'book' at 0x1038b6f90>
<Element 'book' at 0x103d0b190>
>>> ================================ RESTART ================================
>>> 
Task 1:  List all the book identifiers
bk101
bk102
bk103
bk104
bk105
bk106
bk107
bk108
bk109
bk110
bk111
bk112
Task 2:  Show all the book titles
XML Developer's Guide
Midnight Rain
Maeve Ascendant
Oberon's Legacy
The Sundered Grail
Lover Birds
Splish Splash
Creepy Crawlies
Paradox Lost
Microsoft .NET: The Programming Bible
MSXML3: A Comprehensive Guide
Visual Studio 7: A Comprehensive Guide
Task 3:  Author and Pub date of bk105
Corets, Eva --> 2001-09-10
Task 4:  Author and price of computer books
<Element 'genre' at 0x102fa2e90>
<Element 'genre' at 0x102fa9090>
<Element 'genre' at 0x102fa9250>
<Element 'genre' at 0x102fa9410>
<Element 'genre' at 0x102fa95d0>
<Element 'genre' at 0x102fa9790>
<Element 'genre' at 0x102fa9950>
<Element 'genre' at 0x102fa9b10>
<Element 'genre' at 0x102fa9cd0>
<Element 'genre' at 0x102fa9e90>
<Element 'genre' at 0x103c05090>
<Element 'genre' at 0x103c05250>
>>> ================================ RESTART ================================
>>> 
Task 1:  List all the book identifiers
bk101
bk102
bk103
bk104
bk105
bk106
bk107
bk108
bk109
bk110
bk111
bk112
Task 2:  Show all the book titles
XML Developer's Guide
Midnight Rain
Maeve Ascendant
Oberon's Legacy
The Sundered Grail
Lover Birds
Splish Splash
Creepy Crawlies
Paradox Lost
Microsoft .NET: The Programming Bible
MSXML3: A Comprehensive Guide
Visual Studio 7: A Comprehensive Guide
Task 3:  Author and Pub date of bk105
Corets, Eva --> 2001-09-10
Task 4:  Author and price of computer books
Computer
Fantasy
Fantasy
Fantasy
Fantasy
Romance
Romance
Horror
Science Fiction
Computer
Computer
Computer
>>> ================================ RESTART ================================
>>> 
Task 1:  List all the book identifiers
bk101
bk102
bk103
bk104
bk105
bk106
bk107
bk108
bk109
bk110
bk111
bk112
Task 2:  Show all the book titles
XML Developer's Guide
Midnight Rain
Maeve Ascendant
Oberon's Legacy
The Sundered Grail
Lover Birds
Splish Splash
Creepy Crawlies
Paradox Lost
Microsoft .NET: The Programming Bible
MSXML3: A Comprehensive Guide
Visual Studio 7: A Comprehensive Guide
Task 3:  Author and Pub date of bk105
Corets, Eva --> 2001-09-10
Task 4:  Author and price of computer books
>>> ================================ RESTART ================================
>>> 
Task 1:  List all the book identifiers
bk101
bk102
bk103
bk104
bk105
bk106
bk107
bk108
bk109
bk110
bk111
bk112
Task 2:  Show all the book titles
XML Developer's Guide
Midnight Rain
Maeve Ascendant
Oberon's Legacy
The Sundered Grail
Lover Birds
Splish Splash
Creepy Crawlies
Paradox Lost
Microsoft .NET: The Programming Bible
MSXML3: A Comprehensive Guide
Visual Studio 7: A Comprehensive Guide
Task 3:  Author and Pub date of bk105
Corets, Eva --> 2001-09-10
Task 4:  Author and price of computer books
<Element 'book' at 0x1027a2b10>
<Element 'book' at 0x1027a9dd0>
<Element 'book' at 0x1027a9f90>
<Element 'book' at 0x103405190>
>>> ================================ RESTART ================================
>>> 
Task 1:  List all the book identifiers
bk101
bk102
bk103
bk104
bk105
bk106
bk107
bk108
bk109
bk110
bk111
bk112
Task 2:  Show all the book titles
XML Developer's Guide
Midnight Rain
Maeve Ascendant
Oberon's Legacy
The Sundered Grail
Lover Birds
Splish Splash
Creepy Crawlies
Paradox Lost
Microsoft .NET: The Programming Bible
MSXML3: A Comprehensive Guide
Visual Studio 7: A Comprehensive Guide
Task 3:  Author and Pub date of bk105
Corets, Eva --> 2001-09-10
Task 4:  Author and price of computer books
Gambardella, Matthew --> 44.95
O'Brien, Tim --> 36.95
O'Brien, Tim --> 36.95
Galos, Mike --> 49.95
>>> ================================ RESTART ================================
>>> 
Task 1:  List all the book identifiers
bk101
bk102
bk103
bk104
bk105
bk106
bk107
bk108
bk109
bk110
bk111
bk112
Task 2:  Show all the book titles
XML Developer's Guide
Midnight Rain
Maeve Ascendant
Oberon's Legacy
The Sundered Grail
Lover Birds
Splish Splash
Creepy Crawlies
Paradox Lost
Microsoft .NET: The Programming Bible
MSXML3: A Comprehensive Guide
Visual Studio 7: A Comprehensive Guide
Task 3:  Author and Pub date of bk105
Corets, Eva --> 2001-09-10
Task 4:  Author and price of computer books
Gambardella, Matthew --> 44.95
O'Brien, Tim --> 36.95
O'Brien, Tim --> 36.95
Galos, Mike --> 49.95
[<Element 'book' at 0x1026a2b10>, <Element 'book' at 0x1026a2f90>, <Element 'book' at 0x1026aa190>, <Element 'book' at 0x1026aa350>, <Element 'book' at 0x1026aa510>, <Element 'book' at 0x1026aa6d0>, <Element 'book' at 0x1026aa890>, <Element 'book' at 0x1026aaa50>, <Element 'book' at 0x1026aac10>, <Element 'book' at 0x1026aadd0>, <Element 'book' at 0x1026aaf90>, <Element 'book' at 0x103406190>]
>>> ================================ RESTART ================================
>>> 
Task 1:  List all the book identifiers
bk101
bk102
bk103
bk104
bk105
bk106
bk107
bk108
bk109
bk110
bk111
bk112
Task 2:  Show all the book titles
XML Developer's Guide
Midnight Rain
Maeve Ascendant
Oberon's Legacy
The Sundered Grail
Lover Birds
Splish Splash
Creepy Crawlies
Paradox Lost
Microsoft .NET: The Programming Bible
MSXML3: A Comprehensive Guide
Visual Studio 7: A Comprehensive Guide
Task 3:  Author and Pub date of bk105
Corets, Eva --> 2001-09-10
Task 4:  Author and price of computer books
Gambardella, Matthew --> 44.95
O'Brien, Tim --> 36.95
O'Brien, Tim --> 36.95
Galos, Mike --> 49.95
[<Element 'book' at 0x102fa2b50>, <Element 'book' at 0x102faae10>, <Element 'book' at 0x102faafd0>, <Element 'book' at 0x103c061d0>]
>>> ================================ RESTART ================================
>>> 
Task 1:  List all the book identifiers
bk101
bk102
bk103
bk104
bk105
bk106
bk107
bk108
bk109
bk110
bk111
bk112
Task 2:  Show all the book titles
XML Developer's Guide
Midnight Rain
Maeve Ascendant
Oberon's Legacy
The Sundered Grail
Lover Birds
Splish Splash
Creepy Crawlies
Paradox Lost
Microsoft .NET: The Programming Bible
MSXML3: A Comprehensive Guide
Visual Studio 7: A Comprehensive Guide
Task 3:  Author and Pub date of bk105
Corets, Eva --> 2001-09-10
Task 4:  Author and price of computer books
Gambardella, Matthew --> 44.95
O'Brien, Tim --> 36.95
O'Brien, Tim --> 36.95
Galos, Mike --> 49.95
>>> ================================ RESTART ================================
>>> 
Task 1:  List all the book identifiers
bk101
bk102
bk103
bk104
bk105
bk106
bk107
bk108
bk109
bk110
bk111
bk112
Task 2:  Show all the book titles
XML Developer's Guide
Midnight Rain
Maeve Ascendant
Oberon's Legacy
The Sundered Grail
Lover Birds
Splish Splash
Creepy Crawlies
Paradox Lost
Microsoft .NET: The Programming Bible
MSXML3: A Comprehensive Guide
Visual Studio 7: A Comprehensive Guide
Task 3:  Author and Pub date of bk105
Corets, Eva --> 2001-09-10
Task 4:  Author and price of computer books
Gambardella, Matthew --> 44.95
O'Brien, Tim --> 36.95
O'Brien, Tim --> 36.95
Galos, Mike --> 49.95
Task 5:  Show all metadata for bk107
<Element 'book' at 0x102ea98d0>
>>> ================================ RESTART ================================
>>> 
Task 1:  List all the book identifiers
bk101
bk102
bk103
bk104
bk105
bk106
bk107
bk108
bk109
bk110
bk111
bk112
Task 2:  Show all the book titles
XML Developer's Guide
Midnight Rain
Maeve Ascendant
Oberon's Legacy
The Sundered Grail
Lover Birds
Splish Splash
Creepy Crawlies
Paradox Lost
Microsoft .NET: The Programming Bible
MSXML3: A Comprehensive Guide
Visual Studio 7: A Comprehensive Guide
Task 3:  Author and Pub date of bk105
Corets, Eva --> 2001-09-10
Task 4:  Author and price of computer books
Gambardella, Matthew --> 44.95
O'Brien, Tim --> 36.95
O'Brien, Tim --> 36.95
Galos, Mike --> 49.95
Task 5:  Show all metadata for bk107
<Element 'author' at 0x1040b6910>
<Element 'title' at 0x1040b6950>
<Element 'genre' at 0x1040b6990>
<Element 'price' at 0x1040b69d0>
<Element 'publish_date' at 0x1040b6a10>
<Element 'description' at 0x1040b6a50>
>>> ================================ RESTART ================================
>>> 
Task 1:  List all the book identifiers
bk101
bk102
bk103
bk104
bk105
bk106
bk107
bk108
bk109
bk110
bk111
bk112
Task 2:  Show all the book titles
XML Developer's Guide
Midnight Rain
Maeve Ascendant
Oberon's Legacy
The Sundered Grail
Lover Birds
Splish Splash
Creepy Crawlies
Paradox Lost
Microsoft .NET: The Programming Bible
MSXML3: A Comprehensive Guide
Visual Studio 7: A Comprehensive Guide
Task 3:  Author and Pub date of bk105
Corets, Eva --> 2001-09-10
Task 4:  Author and price of computer books
Gambardella, Matthew --> 44.95
O'Brien, Tim --> 36.95
O'Brien, Tim --> 36.95
Galos, Mike --> 49.95
Task 5:  Show all metadata for bk107
<Element 'author' at 0x1043b7910>
<Element 'title' at 0x1043b7950>
<Element 'genre' at 0x1043b7990>
<Element 'price' at 0x1043b79d0>
<Element 'publish_date' at 0x1043b7a10>
<Element 'description' at 0x1043b7a50>
>>> ================================ RESTART ================================
>>> 
Task 1:  List all the book identifiers
bk101
bk102
bk103
bk104
bk105
bk106
bk107
bk108
bk109
bk110
bk111
bk112
Task 2:  Show all the book titles
XML Developer's Guide
Midnight Rain
Maeve Ascendant
Oberon's Legacy
The Sundered Grail
Lover Birds
Splish Splash
Creepy Crawlies
Paradox Lost
Microsoft .NET: The Programming Bible
MSXML3: A Comprehensive Guide
Visual Studio 7: A Comprehensive Guide
Task 3:  Author and Pub date of bk105
Corets, Eva --> 2001-09-10
Task 4:  Author and price of computer books
Gambardella, Matthew --> 44.95
O'Brien, Tim --> 36.95
O'Brien, Tim --> 36.95
Galos, Mike --> 49.95
Task 5:  Show all metadata for bk107
AUTHOR
TITLE
GENRE
PRICE
PUBLISH_DATE
DESCRIPTION
>>> ================================ RESTART ================================
>>> 
Task 1:  List all the book identifiers
bk101
bk102
bk103
bk104
bk105
bk106
bk107
bk108
bk109
bk110
bk111
bk112
Task 2:  Show all the book titles
XML Developer's Guide
Midnight Rain
Maeve Ascendant
Oberon's Legacy
The Sundered Grail
Lover Birds
Splish Splash
Creepy Crawlies
Paradox Lost
Microsoft .NET: The Programming Bible
MSXML3: A Comprehensive Guide
Visual Studio 7: A Comprehensive Guide
Task 3:  Author and Pub date of bk105
Corets, Eva --> 2001-09-10
Task 4:  Author and price of computer books
Gambardella, Matthew --> 44.95
O'Brien, Tim --> 36.95
O'Brien, Tim --> 36.95
Galos, Mike --> 49.95
Task 5:  Show all metadata for bk107
AUTHOR
Thurman, Paula

TITLE
Splish Splash

GENRE
Romance

PRICE
4.95

PUBLISH_DATE
2000-11-02

DESCRIPTION
A deep sea diver finds true love twenty 
      thousand leagues beneath the sea.

>>> ================================ RESTART ================================
>>> 
Task 1:  List all the book identifiers
bk101
bk102
bk103
bk104
bk105
bk106
bk107
bk108
bk109
bk110
bk111
bk112
Task 2:  Show all the book titles
XML Developer's Guide
Midnight Rain
Maeve Ascendant
Oberon's Legacy
The Sundered Grail
Lover Birds
Splish Splash
Creepy Crawlies
Paradox Lost
Microsoft .NET: The Programming Bible
MSXML3: A Comprehensive Guide
Visual Studio 7: A Comprehensive Guide
Task 3:  Author and Pub date of bk105
Corets, Eva --> 2001-09-10
Task 4:  Author and price of computer books
Gambardella, Matthew --> 44.95
O'Brien, Tim --> 36.95
O'Brien, Tim --> 36.95
Galos, Mike --> 49.95
Task 5:  Show all metadata for bk107
AUTHOR
Thurman, Paula

TITLE
Splish Splash

GENRE
Romance

PRICE
4.95

PUBLISH_DATE
2000-11-02

DESCRIPTION
A deep sea diver finds true love twenty 
      thousand leagues beneath the sea.

>>> ================================ RESTART ================================
>>> 
>>> Element('company')
<Element 'company' at 0x1037a1410>
>>> 
>>> e = Element('company')
>>> dump(e)
<company />
>>> e.text = 'Fun place to work'
>>> dump(e)
<company>Fun place to work</company>
>>> f = Element('address')
>>> f.text = '150 W Tasman'
>>> dump(f)
<address>150 W Tasman</address>
>>> e.append(f)
>>> dump(e)
<company>Fun place to work<address>150 W Tasman</address></company>
>>> g = Element('kind', sic='071191')
>>> dump(g)
<kind sic="071191" />
>>> g.text = 'Networking Company'
>>> dump(g)
<kind sic="071191">Networking Company</kind>
>>> e.append(g)
>>> dump(g)
<kind sic="071191">Networking Company</kind>
>>> dump(e)
<company>Fun place to work<address>150 W Tasman</address><kind sic="071191">Networking Company</kind></company>
>>> 
>>> import sys
>>> sys.stdout.write('Howdy!\n')
Howdy!
>>> sys.stderr.write('Howdy!\n')
Howdy!
>>> 
>>> 
>>> t = ElementTree(e)
>>> t
<xml.etree.ElementTree.ElementTree object at 0x1037a1a10>
>>> t.write(sys.stdout)
<company>Fun place to work<address>150 W Tasman</address><kind sic="071191">Networking Company</kind></company>
>>> t.write(sys.stdout, xml_declaration=True)
<company>Fun place to work<address>150 W Tasman</address><kind sic="071191">Networking Company</kind></company>
>>> t.write(sys.stdout, xml_declaration=True, encoding='utf-8')
<?xml version='1.0' encoding='utf-8'?>
<company>Fun place to work<address>150 W Tasman</address><kind sic="071191">Networking Company</kind></company>
>>> ================================ RESTART ================================
>>> 
Hettinger,Raymond,VP Raisin Smushing,raymond@example.com,559-555-1212
Thomas,Mary,Sr. Associate Raisin Design,mary@example.com,559-555-2300
Davis,Harold,Chief Raisin Picker,harold@example.com,559-555-2318
Masterson,Martin,Asst Raisin Smusher,martin@example.com,559-555-2348
Jones,David,Grape Ager,david@example.com,559-555-2379
Zapata,Luis,VP Grape Sales,luis@example.com,559-555-2301
Gunter,Fritz,Grape Smusher,fritz@example.com,559-555-2333
Pichon,Esmerela,Head Raisin Counter,esmerelda@example.com,559-555-2397
Blain,Marilyn,Raisin Packager,marilyn@example.com,559-555-6565
Marks,Blair,VP Investor Relations,blair@example.com,559-555-6513
Schmidt,Gertrude,VP Business Development,gertrude@example.com,559-555-6700

>>> ================================ RESTART ================================
>>> 
['Hettinger', 'Raymond', 'VP Raisin Smushing', 'raymond@example.com', '559-555-1212']
['Thomas', 'Mary', 'Sr. Associate Raisin Design', 'mary@example.com', '559-555-2300']
['Davis', 'Harold', 'Chief Raisin Picker', 'harold@example.com', '559-555-2318']
['Masterson', 'Martin', 'Asst Raisin Smusher', 'martin@example.com', '559-555-2348']
['Jones', 'David', 'Grape Ager', 'david@example.com', '559-555-2379']
['Zapata', 'Luis', 'VP Grape Sales', 'luis@example.com', '559-555-2301']
['Gunter', 'Fritz', 'Grape Smusher', 'fritz@example.com', '559-555-2333']
['Pichon', 'Esmerela', 'Head Raisin Counter', 'esmerelda@example.com', '559-555-2397']
['Blain', 'Marilyn', 'Raisin Packager', 'marilyn@example.com', '559-555-6565']
['Marks', 'Blair', 'VP Investor Relations', 'blair@example.com', '559-555-6513']
['Schmidt', 'Gertrude', 'VP Business Development', 'gertrude@example.com', '559-555-6700']
>>> ================================ RESTART ================================
>>> 
Raymond Hettinger
Mary Thomas
Harold Davis
Martin Masterson
David Jones
Luis Zapata
Fritz Gunter
Esmerela Pichon
Marilyn Blain
Blair Marks
Gertrude Schmidt
>>> ================================ RESTART ================================
>>> 
Raymond Hettinger
Mary Thomas
Harold Davis
Martin Masterson
David Jones
Luis Zapata
Fritz Gunter
Esmerela Pichon
Marilyn Blain
Blair Marks
Gertrude Schmidt
<directory as_of="2015-07-29" status="publicly visible" />
>>> ================================ RESTART ================================
>>> 
<directory as_of="2015-07-29" status="publicly visible"><person /><person /><person /><person /><person /><person /><person /><person /><person /><person /><person /></directory>
>>> ================================ RESTART ================================
>>> 
<directory as_of="2015-07-29" status="publicly visible"><person>Raymond Hettinger<fullname /></person><person>Mary Thomas<fullname /></person><person>Harold Davis<fullname /></person><person>Martin Masterson<fullname /></person><person>David Jones<fullname /></person><person>Luis Zapata<fullname /></person><person>Fritz Gunter<fullname /></person><person>Esmerela Pichon<fullname /></person><person>Marilyn Blain<fullname /></person><person>Blair Marks<fullname /></person><person>Gertrude Schmidt<fullname /></person></directory>
>>> ================================ RESTART ================================
>>> 
<directory as_of="2015-07-29" status="publicly visible"><person><fullname>Raymond Hettinger</fullname></person><person><fullname>Mary Thomas</fullname></person><person><fullname>Harold Davis</fullname></person><person><fullname>Martin Masterson</fullname></person><person><fullname>David Jones</fullname></person><person><fullname>Luis Zapata</fullname></person><person><fullname>Fritz Gunter</fullname></person><person><fullname>Esmerela Pichon</fullname></person><person><fullname>Marilyn Blain</fullname></person><person><fullname>Blair Marks</fullname></person><person><fullname>Gertrude Schmidt</fullname></person></directory>
>>> ================================ RESTART ================================
>>> 
<directory as_of="2015-07-29" status="publicly visible"><person><fullname>Raymond Hettinger</fullname><title>VP Raisin Smushing</title></person><person><fullname>Mary Thomas</fullname><title>Sr. Associate Raisin Design</title></person><person><fullname>Harold Davis</fullname><title>Chief Raisin Picker</title></person><person><fullname>Martin Masterson</fullname><title>Asst Raisin Smusher</title></person><person><fullname>David Jones</fullname><title>Grape Ager</title></person><person><fullname>Luis Zapata</fullname><title>VP Grape Sales</title></person><person><fullname>Fritz Gunter</fullname><title>Grape Smusher</title></person><person><fullname>Esmerela Pichon</fullname><title>Head Raisin Counter</title></person><person><fullname>Marilyn Blain</fullname><title>Raisin Packager</title></person><person><fullname>Blair Marks</fullname><title>VP Investor Relations</title></person><person><fullname>Gertrude Schmidt</fullname><title>VP Business Development</title></person></directory>
>>> ================================ RESTART ================================
>>> 
<directory as_of="2015-07-29" status="publicly visible"><person><fullname>Raymond Hettinger</fullname><title>VP Raisin Smushing</title><email_address>raymond@example.com</email_address><business_phone>559-555-1212</business_phone></person><person><fullname>Mary Thomas</fullname><title>Sr. Associate Raisin Design</title><email_address>mary@example.com</email_address><business_phone>559-555-2300</business_phone></person><person><fullname>Harold Davis</fullname><title>Chief Raisin Picker</title><email_address>harold@example.com</email_address><business_phone>559-555-2318</business_phone></person><person><fullname>Martin Masterson</fullname><title>Asst Raisin Smusher</title><email_address>martin@example.com</email_address><business_phone>559-555-2348</business_phone></person><person><fullname>David Jones</fullname><title>Grape Ager</title><email_address>david@example.com</email_address><business_phone>559-555-2379</business_phone></person><person><fullname>Luis Zapata</fullname><title>VP Grape Sales</title><email_address>luis@example.com</email_address><business_phone>559-555-2301</business_phone></person><person><fullname>Fritz Gunter</fullname><title>Grape Smusher</title><email_address>fritz@example.com</email_address><business_phone>559-555-2333</business_phone></person><person><fullname>Esmerela Pichon</fullname><title>Head Raisin Counter</title><email_address>esmerelda@example.com</email_address><business_phone>559-555-2397</business_phone></person><person><fullname>Marilyn Blain</fullname><title>Raisin Packager</title><email_address>marilyn@example.com</email_address><business_phone>559-555-6565</business_phone></person><person><fullname>Blair Marks</fullname><title>VP Investor Relations</title><email_address>blair@example.com</email_address><business_phone>559-555-6513</business_phone></person><person><fullname>Gertrude Schmidt</fullname><title>VP Business Development</title><email_address>gertrude@example.com</email_address><business_phone>559-555-6700</business_phone></person></directory>
>>> ================================ RESTART ================================
>>> 

Traceback (most recent call last):
  File "/Users/raymond/Dropbox/Public/sj127/build_xml.py", line 32, in <module>
    person = add_element(directory, person)
NameError: name 'person' is not defined
>>> ================================ RESTART ================================
>>> 
<directory as_of="2015-07-29" status="publicly visible"><person><fullname>Raymond Hettinger</fullname><title>VP Raisin Smushing</title><email_address>raymond@example.com</email_address><business_phone>559-555-1212</business_phone></person><person><fullname>Mary Thomas</fullname><title>Sr. Associate Raisin Design</title><email_address>mary@example.com</email_address><business_phone>559-555-2300</business_phone></person><person><fullname>Harold Davis</fullname><title>Chief Raisin Picker</title><email_address>harold@example.com</email_address><business_phone>559-555-2318</business_phone></person><person><fullname>Martin Masterson</fullname><title>Asst Raisin Smusher</title><email_address>martin@example.com</email_address><business_phone>559-555-2348</business_phone></person><person><fullname>David Jones</fullname><title>Grape Ager</title><email_address>david@example.com</email_address><business_phone>559-555-2379</business_phone></person><person><fullname>Luis Zapata</fullname><title>VP Grape Sales</title><email_address>luis@example.com</email_address><business_phone>559-555-2301</business_phone></person><person><fullname>Fritz Gunter</fullname><title>Grape Smusher</title><email_address>fritz@example.com</email_address><business_phone>559-555-2333</business_phone></person><person><fullname>Esmerela Pichon</fullname><title>Head Raisin Counter</title><email_address>esmerelda@example.com</email_address><business_phone>559-555-2397</business_phone></person><person><fullname>Marilyn Blain</fullname><title>Raisin Packager</title><email_address>marilyn@example.com</email_address><business_phone>559-555-6565</business_phone></person><person><fullname>Blair Marks</fullname><title>VP Investor Relations</title><email_address>blair@example.com</email_address><business_phone>559-555-6513</business_phone></person><person><fullname>Gertrude Schmidt</fullname><title>VP Business Development</title><email_address>gertrude@example.com</email_address><business_phone>559-555-6700</business_phone></person></directory>
>>> ================================ RESTART ================================
>>> 
>>> ================================ RESTART ================================
>>> 
>>> ================================ RESTART ================================
>>> 
[{'mode': 'receive',
  'other drops': '0',
  'pl drops': '0',
  'queue': '8021qav-4q8q-in-q-default',
  'total bytes': '8580832',
  'total packets': '133728',
  'vq drops': '0'},
 {'mode': 'receive',
  'other drops': '0',
  'pl drops': '0',
  'queue': '8021qav-4q8q-in-q1',
  'total bytes': '445873169',
  'total packets': '5563074',
  'vq drops': '0'},
 {'mode': 'receive',
  'other drops': '0',
  'pl drops': '0',
  'queue': '8021qav-4q8q-in-q4',
  'total bytes': '0',
  'total packets': '0',
  'vq drops': '0'},
 {'mode': 'receive',
  'other drops': '0',
  'pl drops': '0',
  'queue': '8021qav-4q8q-in-q3',
  'total bytes': '177663812949882',
  'total packets': '1410030261677',
  'vq drops': '0'},
 {'eb drops': '4135883724',
  'mode': 'transmit',
  'other drops': '0',
  'queue': '8021qav-4q8q-out-q4',
  'total bytes': '0',
  'total packets': '0'},
 {'eb drops': '0',
  'mode': 'transmit',
  'other drops': '0',
  'queue': '8021qav-4q8q-out-q5',
  'total bytes': '0',
  'total packets': '0'},
 {'eb drops': '0',
  'mode': 'transmit',
  'other drops': '0',
  'queue': '8021qav-4q8q-out-q6',
  'total bytes': '0',
  'total packets': '0'},
 {'eb drops': '0',
  'mode': 'transmit',
  'other drops': '0',
  'queue': '8021qav-4q8q-out-q7',
  'total bytes': '0',
  'total packets': '0'},
 {'eb drops': '0',
  'mode': 'transmit',
  'other drops': '0',
  'queue': '8021qav-4q8q-out-q1',
  'total bytes': '0',
  'total packets': '0'},
 {'eb drops': '0',
  'mode': 'transmit',
  'other drops': '0',
  'queue': '8021qav-4q8q-out-q2',
  'total bytes': '0',
  'total packets': '0'},
 {'eb drops': '0',
  'mode': 'transmit',
  'other drops': '0',
  'queue': '8021qav-4q8q-out-q3',
  'total bytes': '0',
  'total packets': '0'},
 {'eb drops': '0',
  'mode': 'transmit',
  'other drops': '0',
  'queue': '8021qav-4q8q-out-q-default',
  'total bytes': '50016709541',
  'total packets': '478494546'}]
>>> ================================ RESTART ================================
>>> 
[{"pl drops": "0", "other drops": "0", "vq drops": "0", "queue": "8021qav-4q8q-in-q-default", "mode": "receive", "total packets": "133728", "total bytes": "8580832"}, {"pl drops": "0", "other drops": "0", "vq drops": "0", "queue": "8021qav-4q8q-in-q1", "mode": "receive", "total packets": "5563074", "total bytes": "445873169"}, {"pl drops": "0", "other drops": "0", "vq drops": "0", "queue": "8021qav-4q8q-in-q4", "mode": "receive", "total packets": "0", "total bytes": "0"}, {"pl drops": "0", "other drops": "0", "vq drops": "0", "queue": "8021qav-4q8q-in-q3", "mode": "receive", "total packets": "1410030261677", "total bytes": "177663812949882"}, {"other drops": "0", "eb drops": "4135883724", "queue": "8021qav-4q8q-out-q4", "mode": "transmit", "total packets": "0", "total bytes": "0"}, {"other drops": "0", "eb drops": "0", "queue": "8021qav-4q8q-out-q5", "mode": "transmit", "total packets": "0", "total bytes": "0"}, {"other drops": "0", "eb drops": "0", "queue": "8021qav-4q8q-out-q6", "mode": "transmit", "total packets": "0", "total bytes": "0"}, {"other drops": "0", "eb drops": "0", "queue": "8021qav-4q8q-out-q7", "mode": "transmit", "total packets": "0", "total bytes": "0"}, {"other drops": "0", "eb drops": "0", "queue": "8021qav-4q8q-out-q1", "mode": "transmit", "total packets": "0", "total bytes": "0"}, {"other drops": "0", "eb drops": "0", "queue": "8021qav-4q8q-out-q2", "mode": "transmit", "total packets": "0", "total bytes": "0"}, {"other drops": "0", "eb drops": "0", "queue": "8021qav-4q8q-out-q3", "mode": "transmit", "total packets": "0", "total bytes": "0"}, {"other drops": "0", "eb drops": "0", "queue": "8021qav-4q8q-out-q-default", "mode": "transmit", "total packets": "478494546", "total bytes": "50016709541"}]
>>> ================================ RESTART ================================
>>> 
[
  {
    "pl drops": "0", 
    "other drops": "0", 
    "vq drops": "0", 
    "queue": "8021qav-4q8q-in-q-default", 
    "mode": "receive", 
    "total packets": "133728", 
    "total bytes": "8580832"
  }, 
  {
    "pl drops": "0", 
    "other drops": "0", 
    "vq drops": "0", 
    "queue": "8021qav-4q8q-in-q1", 
    "mode": "receive", 
    "total packets": "5563074", 
    "total bytes": "445873169"
  }, 
  {
    "pl drops": "0", 
    "other drops": "0", 
    "vq drops": "0", 
    "queue": "8021qav-4q8q-in-q4", 
    "mode": "receive", 
    "total packets": "0", 
    "total bytes": "0"
  }, 
  {
    "pl drops": "0", 
    "other drops": "0", 
    "vq drops": "0", 
    "queue": "8021qav-4q8q-in-q3", 
    "mode": "receive", 
    "total packets": "1410030261677", 
    "total bytes": "177663812949882"
  }, 
  {
    "other drops": "0", 
    "eb drops": "4135883724", 
    "queue": "8021qav-4q8q-out-q4", 
    "mode": "transmit", 
    "total packets": "0", 
    "total bytes": "0"
  }, 
  {
    "other drops": "0", 
    "eb drops": "0", 
    "queue": "8021qav-4q8q-out-q5", 
    "mode": "transmit", 
    "total packets": "0", 
    "total bytes": "0"
  }, 
  {
    "other drops": "0", 
    "eb drops": "0", 
    "queue": "8021qav-4q8q-out-q6", 
    "mode": "transmit", 
    "total packets": "0", 
    "total bytes": "0"
  }, 
  {
    "other drops": "0", 
    "eb drops": "0", 
    "queue": "8021qav-4q8q-out-q7", 
    "mode": "transmit", 
    "total packets": "0", 
    "total bytes": "0"
  }, 
  {
    "other drops": "0", 
    "eb drops": "0", 
    "queue": "8021qav-4q8q-out-q1", 
    "mode": "transmit", 
    "total packets": "0", 
    "total bytes": "0"
  }, 
  {
    "other drops": "0", 
    "eb drops": "0", 
    "queue": "8021qav-4q8q-out-q2", 
    "mode": "transmit", 
    "total packets": "0", 
    "total bytes": "0"
  }, 
  {
    "other drops": "0", 
    "eb drops": "0", 
    "queue": "8021qav-4q8q-out-q3", 
    "mode": "transmit", 
    "total packets": "0", 
    "total bytes": "0"
  }, 
  {
    "other drops": "0", 
    "eb drops": "0", 
    "queue": "8021qav-4q8q-out-q-default", 
    "mode": "transmit", 
    "total packets": "478494546", 
    "total bytes": "50016709541"
  }
]
>>> ================================ RESTART ================================
>>> 
[
  {
    "pl drops": "0", 
    "other drops": "0", 
    "vq drops": "0", 
    "queue": "8021qav-4q8q-in-q-default", 
    "mode": "receive", 
    "total packets": "133728", 
    "total bytes": "8580832"
  }, 
  {
    "pl drops": "0", 
    "other drops": "0", 
    "vq drops": "0", 
    "queue": "8021qav-4q8q-in-q1", 
    "mode": "receive", 
    "total packets": "5563074", 
    "total bytes": "445873169"
  }, 
  {
    "pl drops": "0", 
    "other drops": "0", 
    "vq drops": "0", 
    "queue": "8021qav-4q8q-in-q4", 
    "mode": "receive", 
    "total packets": "0", 
    "total bytes": "0"
  }, 
  {
    "pl drops": "0", 
    "other drops": "0", 
    "vq drops": "0", 
    "queue": "8021qav-4q8q-in-q3", 
    "mode": "receive", 
    "total packets": "1410030261677", 
    "total bytes": "177663812949882"
  }, 
  {
    "other drops": "0", 
    "eb drops": "4135883724", 
    "queue": "8021qav-4q8q-out-q4", 
    "mode": "transmit", 
    "total packets": "0", 
    "total bytes": "0"
  }, 
  {
    "other drops": "0", 
    "eb drops": "0", 
    "queue": "8021qav-4q8q-out-q5", 
    "mode": "transmit", 
    "total packets": "0", 
    "total bytes": "0"
  }, 
  {
    "other drops": "0", 
    "eb drops": "0", 
    "queue": "8021qav-4q8q-out-q6", 
    "mode": "transmit", 
    "total packets": "0", 
    "total bytes": "0"
  }, 
  {
    "other drops": "0", 
    "eb drops": "0", 
    "queue": "8021qav-4q8q-out-q7", 
    "mode": "transmit", 
    "total packets": "0", 
    "total bytes": "0"
  }, 
  {
    "other drops": "0", 
    "eb drops": "0", 
    "queue": "8021qav-4q8q-out-q1", 
    "mode": "transmit", 
    "total packets": "0", 
    "total bytes": "0"
  }, 
  {
    "other drops": "0", 
    "eb drops": "0", 
    "queue": "8021qav-4q8q-out-q2", 
    "mode": "transmit", 
    "total packets": "0", 
    "total bytes": "0"
  }, 
  {
    "other drops": "0", 
    "eb drops": "0", 
    "queue": "8021qav-4q8q-out-q3", 
    "mode": "transmit", 
    "total packets": "0", 
    "total bytes": "0"
  }, 
  {
    "other drops": "0", 
    "eb drops": "0", 
    "queue": "8021qav-4q8q-out-q-default", 
    "mode": "transmit", 
    "total packets": "478494546", 
    "total bytes": "50016709541"
  }
]
>>> ================================ RESTART ================================
>>> dir()
['__builtins__', '__doc__', '__name__', '__package__']
>>> __doc__ is None
True
>>> __name__
'__main__'
>>> __package__ is None
True
>>> type(__builtins__)
<type 'module'>
>>> len('hello')
5
>>> x = 10
>>> dir()
['__builtins__', '__doc__', '__name__', '__package__', 'x']
>>> y

Traceback (most recent call last):
  File "<pyshell#191>", line 1, in <module>
    y
NameError: name 'y' is not defined
>>> 
>>> sorted(globals().keys())
['__builtins__', '__doc__', '__name__', '__package__', 'x']
>>> dir()
['__builtins__', '__doc__', '__name__', '__package__', 'x']
>>> 
>>> globals()['x']
10
>>> globals()['x'] = 12
>>> x
12
>>> 
>>> ================================ RESTART ================================
>>> x = 10
>>> import math
>>> dir()
['__builtins__', '__doc__', '__name__', '__package__', 'math', 'x']
>>> type(x)
<type 'int'>
>>> type(math)
<type 'module'>
>>> def square(x):
	return x * x

>>> dir()
['__builtins__', '__doc__', '__name__', '__package__', 'math', 'square', 'x']
>>> type(x)
<type 'int'>
>>> type(math)
<type 'module'>
>>> type(square)
<type 'function'>
>>> class Router:
	pass

>>> dir()
['Router', '__builtins__', '__doc__', '__name__', '__package__', 'math', 'square', 'x']
>>> 
>>> # Defining words:     =       def     import     class
>>> #   existing ---------^        ^---------^----------^------ new object
>>> ================================ RESTART ================================
>>> import math
>>> dir()
['__builtins__', '__doc__', '__name__', '__package__', 'math']
>>> cos(3.0)

Traceback (most recent call last):
  File "<pyshell#221>", line 1, in <module>
    cos(3.0)
NameError: name 'cos' is not defined
>>> math.cos(3.0)
-0.9899924966004454
>>> 
>>> # ALZ ya hafta do to do math is
>>> import math
>>> math.sin(3.0 * math.pi * math.sqrt(2.0)) + math.cos(3.0 * math.pi * math.sqrt(3.5))
1.0366470065519011
>>> 
>>> sin = math.sin
>>> dir()
['__builtins__', '__doc__', '__name__', '__package__', 'math', 'sin']
>>> sin(3.0)
0.1411200080598672
>>> 
>>> ================================ RESTART ================================
>>> # ALZ ya hafta do to do math is
>>> import math
>>> cos = math.cos
>>> sin = math.sin
>>> pi = math.pi
>>> sqrt = math.sqrt
>>> sin(3.0 * pi * sqrt(2.0)) + cos(3.0 * pi * sqrt(3.5))
1.0366470065519011
>>> 
>>> from math import tan
>>> dir()
['__builtins__', '__doc__', '__name__', '__package__', 'cos', 'math', 'pi', 'sin', 'sqrt', 'tan']
>>> tan(3.0)
-0.1425465430742778
>>> ================================ RESTART ================================
>>> # ALZ ya hafta do to do math is
>>> from math import cos, sin, pi, sqrt
>>> sin(3.0 * pi * sqrt(2.0)) + cos(3.0 * pi * sqrt(3.5))
1.0366470065519011
>>> import math
>>> dir(math)
['__doc__', '__file__', '__name__', '__package__', 'acos', 'acosh', 'asin', 'asinh', 'atan', 'atan2', 'atanh', 'ceil', 'copysign', 'cos', 'cosh', 'degrees', 'e', 'erf', 'erfc', 'exp', 'expm1', 'fabs', 'factorial', 'floor', 'fmod', 'frexp', 'fsum', 'gamma', 'hypot', 'isinf', 'isnan', 'ldexp', 'lgamma', 'log', 'log10', 'log1p', 'modf', 'pi', 'pow', 'radians', 'sin', 'sinh', 'sqrt', 'tan', 'tanh', 'trunc']
>>> from math import *
>>> exp(5)
148.4131591025766
>>> 
>>> # Euler's formula
>>> exp(pi * 1j) + 1

Traceback (most recent call last):
  File "<pyshell#252>", line 1, in <module>
    exp(pi * 1j) + 1
TypeError: can't convert complex to float
>>> e ** (pi * 1j) + 1
1.2246467991473532e-16j
>>> 
>>> exp(pi * sqrt(169))
5.456229130771732e+17
>>> print '%.20f' % exp(pi * sqrt(169))
545622913077173184.00000000000000000000
>>> 
>>> 
>>> ================================ RESTART ================================
>>> # ALZ ya hafta do to do math is
>>> from math import *
>>> sin(3.0 * pi * sqrt(2.0)) + cos(3.0 * pi * sqrt(3.5))
1.0366470065519011
>>> ================================ RESTART ================================
>>> c = 10
>>> d = 11
>>> e = 12
>>> f = 13
>>> g = 14
>>> from math import *
>>> log(c)
2.302585092994046
>>> log(d)
2.3978952727983707
>>> log(e)
1.0
>>> log(f)
2.5649493574615367
>>> log(g)
2.6390573296152584
>>> c
10
>>> d
11
>>> e
2.718281828459045
>>> from random import *
>>> dir()
['Random', 'SystemRandom', 'WichmannHill', '__builtins__', '__doc__', '__name__', '__package__', 'acos', 'acosh', 'asin', 'asinh', 'atan', 'atan2', 'atanh', 'betavariate', 'c', 'ceil', 'choice', 'copysign', 'cos', 'cosh', 'd', 'degrees', 'e', 'erf', 'erfc', 'exp', 'expm1', 'expovariate', 'f', 'fabs', 'factorial', 'floor', 'fmod', 'frexp', 'fsum', 'g', 'gamma', 'gammavariate', 'gauss', 'getrandbits', 'getstate', 'hypot', 'isinf', 'isnan', 'jumpahead', 'ldexp', 'lgamma', 'log', 'log10', 'log1p', 'lognormvariate', 'modf', 'normalvariate', 'paretovariate', 'pi', 'pow', 'radians', 'randint', 'random', 'randrange', 'sample', 'seed', 'setstate', 'shuffle', 'sin', 'sinh', 'sqrt', 'tan', 'tanh', 'triangular', 'trunc', 'uniform', 'vonmisesvariate', 'weibullvariate']
>>> from os import *
>>> getcwd()
'/Users/raymond/Dropbox/Public/sj127'
>>> chdir('notes')
>>> getcwd()
'/Users/raymond/Dropbox/Public/sj127/notes'
>>> chdir('..')
>>> getcwd()
'/Users/raymond/Dropbox/Public/sj127'
>>> listdir('notes')
['__init__.py', 'banner.py', 'basics.py', 'BeautifulSoup.py', 'books.json', 'books.xml', 'call_by_object.txt', 'corpus.dat', 'crossword_challenge.py', 'CSRRESTAPI.pdf', 'dayfour.log', 'dayone.log', 'daythree.log', 'daytwo.log', 'dns_servers.json', 'email.txt', 'english_composition.txt', 'etag_db.bak', 'etag_db.dat', 'etag_db.dir', 'family.py', 'family_template.txt', 'fruit.xml', 'fsm.py', 'hamlet.txt', 'highlight.py', 'interfaces.xml', 'IntroPython.pdf', 'ipv4_int_bri.txt', 'islands.pdf', 'links.txt', 'magic_methods.txt', 'member_template.txt', 'norvig_corrector.py', 'pexpect.py', 'picirc.py', 'publish.py', 'PythonAwesome.pdf', 'queue_stats.txt', 'raisin_team.csv', 'raisin_team_update.csv', 're.txt', 'rss.xml', 'show_books_json.py', 'show_controllers.txt', 'show_dns_servers.py', 'show_ipv4.py', 'show_queue_stats.py', 'simpsons.html', 'stocks.txt', 'team_history.json', 'team_history.txt', 'text_formats.txt', 'vcard.py', 'words.txt']
>>> 
>>> 
>>> 
>>> 
>>> 
>>> dir()
['EX_CANTCREAT', 'EX_CONFIG', 'EX_DATAERR', 'EX_IOERR', 'EX_NOHOST', 'EX_NOINPUT', 'EX_NOPERM', 'EX_NOUSER', 'EX_OK', 'EX_OSERR', 'EX_OSFILE', 'EX_PROTOCOL', 'EX_SOFTWARE', 'EX_TEMPFAIL', 'EX_UNAVAILABLE', 'EX_USAGE', 'F_OK', 'NGROUPS_MAX', 'O_APPEND', 'O_ASYNC', 'O_CREAT', 'O_DIRECTORY', 'O_DSYNC', 'O_EXCL', 'O_EXLOCK', 'O_NDELAY', 'O_NOCTTY', 'O_NOFOLLOW', 'O_NONBLOCK', 'O_RDONLY', 'O_RDWR', 'O_SHLOCK', 'O_SYNC', 'O_TRUNC', 'O_WRONLY', 'R_OK', 'Random', 'SEEK_CUR', 'SEEK_END', 'SEEK_SET', 'SystemRandom', 'TMP_MAX', 'WCONTINUED', 'WCOREDUMP', 'WEXITSTATUS', 'WIFCONTINUED', 'WIFEXITED', 'WIFSIGNALED', 'WIFSTOPPED', 'WNOHANG', 'WSTOPSIG', 'WTERMSIG', 'WUNTRACED', 'W_OK', 'WichmannHill', 'X_OK', '__builtins__', '__doc__', '__name__', '__package__', 'abort', 'access', 'acos', 'acosh', 'altsep', 'asin', 'asinh', 'atan', 'atan2', 'atanh', 'betavariate', 'c', 'ceil', 'chdir', 'chflags', 'chmod', 'choice', 'chown', 'chroot', 'close', 'closerange', 'confstr', 'confstr_names', 'copysign', 'cos', 'cosh', 'ctermid', 'curdir', 'd', 'defpath', 'degrees', 'devnull', 'dup', 'dup2', 'e', 'environ', 'erf', 'erfc', 'error', 'execl', 'execle', 'execlp', 'execlpe', 'execv', 'execve', 'execvp', 'execvpe', 'exp', 'expm1', 'expovariate', 'extsep', 'f', 'fabs', 'factorial', 'fchdir', 'fchmod', 'fchown', 'fdopen', 'floor', 'fmod', 'fork', 'forkpty', 'fpathconf', 'frexp', 'fstat', 'fstatvfs', 'fsum', 'fsync', 'ftruncate', 'g', 'gamma', 'gammavariate', 'gauss', 'getcwd', 'getcwdu', 'getegid', 'getenv', 'geteuid', 'getgid', 'getgroups', 'getloadavg', 'getlogin', 'getpgid', 'getpgrp', 'getpid', 'getppid', 'getrandbits', 'getsid', 'getstate', 'getuid', 'hypot', 'initgroups', 'isatty', 'isinf', 'isnan', 'jumpahead', 'kill', 'killpg', 'lchflags', 'lchmod', 'lchown', 'ldexp', 'lgamma', 'linesep', 'link', 'listdir', 'log', 'log10', 'log1p', 'lognormvariate', 'lseek', 'lstat', 'major', 'makedev', 'makedirs', 'minor', 'mkdir', 'mkfifo', 'mknod', 'modf', 'name', 'nice', 'normalvariate', 'open', 'openpty', 'pardir', 'paretovariate', 'path', 'pathconf', 'pathconf_names', 'pathsep', 'pi', 'pipe', 'popen', 'popen2', 'popen3', 'popen4', 'pow', 'putenv', 'radians', 'randint', 'random', 'randrange', 'read', 'readlink', 'remove', 'removedirs', 'rename', 'renames', 'rmdir', 'sample', 'seed', 'sep', 'setegid', 'seteuid', 'setgid', 'setgroups', 'setpgid', 'setpgrp', 'setregid', 'setreuid', 'setsid', 'setstate', 'setuid', 'shuffle', 'sin', 'sinh', 'spawnl', 'spawnle', 'spawnlp', 'spawnlpe', 'spawnv', 'spawnve', 'spawnvp', 'spawnvpe', 'sqrt', 'stat', 'stat_float_times', 'stat_result', 'statvfs', 'statvfs_result', 'strerror', 'symlink', 'sysconf', 'sysconf_names', 'system', 'tan', 'tanh', 'tcgetpgrp', 'tcsetpgrp', 'tempnam', 'times', 'tmpfile', 'tmpnam', 'triangular', 'trunc', 'ttyname', 'umask', 'uname', 'uniform', 'unlink', 'unsetenv', 'urandom', 'utime', 'vonmisesvariate', 'wait', 'wait3', 'wait4', 'waitpid', 'walk', 'weibullvariate', 'write']
>>> 
>>> f = open('notes/stocks.txt')

Traceback (most recent call last):
  File "<pyshell#292>", line 1, in <module>
    f = open('notes/stocks.txt')
TypeError: function takes at least 2 arguments (1 given)
>>> f = open('notes/stocks.txt', 0)
>>> type(f)
<type 'int'>
>>> # children NEED import star
>>> from turtle import *
>>> forward(100)
>>> right(90)
>>> forward(100)
>>> right(90)
>>> forward(100)
>>> right(90)
>>> forward(100)
>>> ================================ RESTART ================================
>>> # ppt xls doc
>>> # 4:19
>>> 
>>> 
>>> color_prefs = []
>>> s = 'red,10'
>>> color, rank = s.split(',')
>>> color
'red'
>>> rank
'10'
>>> int(rank)
10
>>> pref = (color, int(rank))
>>> pref
('red', 10)
>>> color_prefs.append(pref)
>>> s = 'blue,20'
>>> color, rank = s.split(',')
>>> pref = (color, int(rank))
>>> color_prefs.append(pref)
>>> color_prefs
[('red', 10), ('blue', 20)]
>>> ================================ RESTART ================================
>>> 
('CSCO', 100, '18.04')
('ANTM', 200, '45.03')
('CSCO', 150, '19.05')
('MSFT', 250, '80.56')
('IBM', 500, '22.01')
('ANTM', 250, '44.23')
('GOOG', 200, '501.45')
('CSCO', 175, '19.56')
('MSFT', 75, '80.81')
('GOOG', 300, '502.65')
('IBM', 150, '25.01')
>>> ================================ RESTART ================================
>>> 
CSCO,100,18.04
ANTM,200,45.03
CSCO,150,19.05
MSFT,250,80.56
IBM,500,22.01
ANTM,250,44.23
GOOG,200,501.45
CSCO,175,19.56
MSFT,75,80.81
GOOG,300,502.65
IBM,150,25.01

>>> ================================ RESTART ================================
>>> 
CSCO,100,18.04
ANTM,200,45.03
CSCO,150,19.05
MSFT,250,80.56
IBM,500,22.01
ANTM,250,44.23
GOOG,200,501.45
CSCO,175,19.56
MSFT,75,80.81
GOOG,300,502.65
IBM,150,25.01
>>> line
'IBM,150,25.01\n'
>>> ================================ RESTART ================================
>>> 
CSCO,100,18.04

ANTM,200,45.03

CSCO,150,19.05

MSFT,250,80.56

IBM,500,22.01

ANTM,250,44.23

GOOG,200,501.45

CSCO,175,19.56

MSFT,75,80.81

GOOG,300,502.65

IBM,150,25.01

>>> line
'IBM,150,25.01\n'
>>> ================================ RESTART ================================
>>> 
CSCO,100,18.04
ANTM,200,45.03
CSCO,150,19.05
MSFT,250,80.56
IBM,500,22.01
ANTM,250,44.23
GOOG,200,501.45
CSCO,175,19.56
MSFT,75,80.81
GOOG,300,502.65
IBM,150,25.01
>>> line
'IBM,150,25.01'
>>> ================================ RESTART ================================
>>> 
['CSCO,100,18.04']
['ANTM,200,45.03']
['CSCO,150,19.05']
['MSFT,250,80.56']
['IBM,500,22.01']
['ANTM,250,44.23']
['GOOG,200,501.45']
['CSCO,175,19.56']
['MSFT,75,80.81']
['GOOG,300,502.65']
['IBM,150,25.01']
>>> ================================ RESTART ================================
>>> 
['CSCO', '100', '18.04']
['ANTM', '200', '45.03']
['CSCO', '150', '19.05']
['MSFT', '250', '80.56']
['IBM', '500', '22.01']
['ANTM', '250', '44.23']
['GOOG', '200', '501.45']
['CSCO', '175', '19.56']
['MSFT', '75', '80.81']
['GOOG', '300', '502.65']
['IBM', '150', '25.01']
>>> ================================ RESTART ================================
>>> 
('CSCO', '100', '18.04')
('ANTM', '200', '45.03')
('CSCO', '150', '19.05')
('MSFT', '250', '80.56')
('IBM', '500', '22.01')
('ANTM', '250', '44.23')
('GOOG', '200', '501.45')
('CSCO', '175', '19.56')
('MSFT', '75', '80.81')
('GOOG', '300', '502.65')
('IBM', '150', '25.01')
>>> ================================ RESTART ================================
>>> 
('CSCO', 100, '18.04')
('ANTM', 200, '45.03')
('CSCO', 150, '19.05')
('MSFT', 250, '80.56')
('IBM', 500, '22.01')
('ANTM', 250, '44.23')
('GOOG', 200, '501.45')
('CSCO', 175, '19.56')
('MSFT', 75, '80.81')
('GOOG', 300, '502.65')
('IBM', 150, '25.01')
>>> ================================ RESTART ================================
>>> 

Traceback (most recent call last):
  File "/Users/raymond/Dropbox/Public/sj127/portfolio.py", line 5, in <module>
    trade = symbol, int(shares), int(price)
ValueError: invalid literal for int() with base 10: '18.04'
>>> ================================ RESTART ================================
>>> 
('CSCO', 100, 18.04)
('ANTM', 200, 45.03)
('CSCO', 150, 19.05)
('MSFT', 250, 80.56)
('IBM', 500, 22.01)
('ANTM', 250, 44.23)
('GOOG', 200, 501.45)
('CSCO', 175, 19.56)
('MSFT', 75, 80.81)
('GOOG', 300, 502.65)
('IBM', 150, 25.01)
>>> ================================ RESTART ================================
>>> 
[('CSCO', 100, 18.04), ('ANTM', 200, 45.03), ('CSCO', 150, 19.05), ('MSFT', 250, 80.56), ('IBM', 500, 22.01), ('ANTM', 250, 44.23), ('GOOG', 200, 501.45), ('CSCO', 175, 19.56), ('MSFT', 75, 80.81), ('GOOG', 300, 502.65), ('IBM', 150, 25.01)]
>>> ================================ RESTART ================================
>>> 
[('CSCO', 100, 18.04), ('ANTM', 200, 45.03), ('CSCO', 150, 19.05), ('MSFT', 250, 80.56), ('IBM', 500, 22.01), ('ANTM', 250, 44.23), ('GOOG', 200, 501.45), ('CSCO', 175, 19.56), ('MSFT', 75, 80.81), ('GOOG', 300, 502.65), ('IBM', 150, 25.01)]
None
>>> 
>>> port is None
True
>>> ================================ RESTART ================================
>>> 
[('CSCO', 100, 18.04), ('ANTM', 200, 45.03), ('CSCO', 150, 19.05), ('MSFT', 250, 80.56), ('IBM', 500, 22.01), ('ANTM', 250, 44.23), ('GOOG', 200, 501.45), ('CSCO', 175, 19.56), ('MSFT', 75, 80.81), ('GOOG', 300, 502.65), ('IBM', 150, 25.01)]
>>> ================================ RESTART ================================
>>> 
[('CSCO', 100, 18.04), ('ANTM', 200, 45.03), ('CSCO', 150, 19.05), ('MSFT', 250, 80.56), ('IBM', 500, 22.01), ('ANTM', 250, 44.23), ('GOOG', 200, 501.45), ('CSCO', 175, 19.56), ('MSFT', 75, 80.81), ('GOOG', 300, 502.65), ('IBM', 150, 25.01)]
>>> ================================ RESTART ================================
>>> 
[('CSCO', 100, 18.04), ('ANTM', 200, 45.03), ('CSCO', 150, 19.05), ('MSFT', 250, 80.56), ('IBM', 500, 22.01), ('ANTM', 250, 44.23), ('GOOG', 200, 501.45), ('CSCO', 175, 19.56), ('MSFT', 75, 80.81), ('GOOG', 300, 502.65), ('IBM', 150, 25.01)]
>>> ================================ RESTART ================================
>>> 
[('CSCO', 100, 18.04),
 ('ANTM', 200, 45.03),
 ('CSCO', 150, 19.05),
 ('MSFT', 250, 80.56),
 ('IBM', 500, 22.01),
 ('ANTM', 250, 44.23),
 ('GOOG', 200, 501.45),
 ('CSCO', 175, 19.56),
 ('MSFT', 75, 80.81),
 ('GOOG', 300, 502.65),
 ('IBM', 150, 25.01)]
>>> 
>>> 
>>> 
>>> 
>>> p = 170, 0.4, 0.6
>>> type(p)
<type 'tuple'>
>>> p
(170, 0.4, 0.6)
>>> 
>>> len(p)
3
>>> p[0]
170
>>> p[2]
0.6
>>> p[-1]
0.6
>>> p[:2]
(170, 0.4)
>>> p[-2:]
(0.4, 0.6)
>>> 
>>> p = 170, 0.4, 0.6
>>> a, b, c = p
>>> 
>>> a
170
>>> b
0.4
>>> c
0.6
>>> type(p)
<type 'tuple'>
>>> 
>>> p = 170, 0.4, 0.6
>>> # not self-documenting
>>> 
>>> p = 170, 0.4, 0.6
>>> if p[1] >= 0.5:
	print 'Whew, that is bright!'

	
>>> if p[2] >= 0.5:
	print 'Whew, that is light!'

	
Whew, that is light!
>>> # the context of how it used is insufficient to interpret it
>>> # the reason is that the fields are accessed by index rather than name
>>> 
>>> from collections import namedtuple
>>> # factory function for creating NEW TUPLE SUBCLASSES
>>> Color = namedtuple('Color', ['hue', 'saturation', 'luminosity'])
>>> issubclass(Color, tuple)
True
>>> p = Color(170, 0.4, 0.6)
>>> isinstance(p, tuple)
True
>>> isinstance(p, Color)
True
>>> len(p)
3
>>> p[0]
170
>>> p[:2]
(170, 0.4)
>>> a, b, c = p
>>> a
170
>>> b
0.4
>>> c
0.6
>>> Color = namedtuple('Color', ['hue', 'saturation', 'luminosity'])
>>> p = Color(170, 0.4, 0.6)
>>> p
Color(hue=170, saturation=0.4, luminosity=0.6)
>>> p[0]
170
>>> p.hue
170
>>> p.saturation
0.4
>>> 
>>> 
>>> if p.saturation >= 0.5:
	print 'Whew, that is bright!'

	
>>> if p.luminosity >= 0.5:
	print 'Whew, that is light!'

	
Whew, that is light!
>>> p
Color(hue=170, saturation=0.4, luminosity=0.6)
>>> 
>>> 
>>> r = 0, 42
>>> type(r)
<type 'tuple'>
>>> r[0]
0
>>> r[:1]
(0,)
>>> a, b = r
>>> len(r)
2
>>> r = 0, 42
>>> if r[0] == 0:
	print 'Happy!'
else:
	print 'Sad!'

	
Happy!
>>> TestResults = namedtuple('TestResults', ['failed', 'attempted'])
>>> r = TestResults(0, 42)
>>> r[0]
0
>>> r[:1]
(0,)
>>> a, b = r
>>> len(r)
2
>>> r
TestResults(failed=0, attempted=42)
>>> if r.failed == 0:
	print 'Happy!'
else:
	print 'Sad!'

	
Happy!
>>> 
>>> import sys
>>> tuple(sys.version_info)
(2, 7, 10, 'final', 0)
>>> sys.version_info
sys.version_info(major=2, minor=7, micro=10, releaselevel='final', serial=0)
>>> sys.version_info[3]
'final'
>>> sys.version_info.releaselevel
'final'
>>> 
>>> import time
>>> tuple(time.localtime())
(2015, 7, 29, 17, 17, 9, 2, 210, 1)
>>> time.localtime()
time.struct_time(tm_year=2015, tm_mon=7, tm_mday=29, tm_hour=17, tm_min=17, tm_sec=51, tm_wday=2, tm_yday=210, tm_isdst=1)
>>> 
>>> 
>>> ================================ RESTART ================================
>>> 
[('CSCO', 100, 18.04),
 ('ANTM', 200, 45.03),
 ('CSCO', 150, 19.05),
 ('MSFT', 250, 80.56),
 ('IBM', 500, 22.01),
 ('ANTM', 250, 44.23),
 ('GOOG', 200, 501.45),
 ('CSCO', 175, 19.56),
 ('MSFT', 75, 80.81),
 ('GOOG', 300, 502.65),
 ('IBM', 150, 25.01)]
>>> ================================ RESTART ================================
>>> 
[Trade(symbol='CSCO', shares=100, price=18.04),
 Trade(symbol='ANTM', shares=200, price=45.03),
 Trade(symbol='CSCO', shares=150, price=19.05),
 Trade(symbol='MSFT', shares=250, price=80.56),
 Trade(symbol='IBM', shares=500, price=22.01),
 Trade(symbol='ANTM', shares=250, price=44.23),
 Trade(symbol='GOOG', shares=200, price=501.45),
 Trade(symbol='CSCO', shares=175, price=19.56),
 Trade(symbol='MSFT', shares=75, price=80.81),
 Trade(symbol='GOOG', shares=300, price=502.65),
 Trade(symbol='IBM', shares=150, price=25.01)]
>>> ================================ RESTART ================================
>>> 
[Trade(symbol='CSCO', shares=100, price=18.04),
 Trade(symbol='ANTM', shares=200, price=45.03),
 Trade(symbol='CSCO', shares=150, price=19.05),
 Trade(symbol='MSFT', shares=250, price=80.56),
 Trade(symbol='IBM', shares=500, price=22.01),
 Trade(symbol='ANTM', shares=250, price=44.23),
 Trade(symbol='GOOG', shares=200, price=501.45),
 Trade(symbol='CSCO', shares=175, price=19.56),
 Trade(symbol='MSFT', shares=75, price=80.81),
 Trade(symbol='GOOG', shares=300, price=502.65),
 Trade(symbol='IBM', shares=150, price=25.01)]
>>> 
>>> 
>>> 
>>> squares = []
>>> for i in range(10):
	s = i**2
	squares.append(i)

	
>>> squares
[0, 1, 2, 3, 4, 5, 6, 7, 8, 9]
>>> 
>>> 
>>> 
>>> squares = []
>>> for i in range(10):
	s = i**2
	squares.append(s)

	
>>> squares
[0, 1, 4, 9, 16, 25, 36, 49, 64, 81]
>>> sum(squares)
285
>>> 
>>> [i**2 for i in range(10)]
[0, 1, 4, 9, 16, 25, 36, 49, 64, 81]
>>> sum([i**2 for i in range(10)])
285
>>> # LC have good math capabilities
>>> 
>>> names = 'manny mo jack'.split()
>>> names
['manny', 'mo', 'jack']
>>> [name.title() for name in names]
['Manny', 'Mo', 'Jack']
>>> [name.title() for name in names if name.startswith('m')]
['Manny', 'Mo']
>>> 
>>> chr(65)
'A'
>>> chr(32)
' '
>>> chr(97)
'a'
>>> ord('A')
65
>>> ord(' ')
32
>>> chr(ord(chr(ord(chr(ord(chr(101)))))))
'e'
>>> [ord(c) for c in 'Raymond']
[82, 97, 121, 109, 111, 110, 100]
>>> [ord(c) + 13 for c in 'Raymond']
[95, 110, 134, 122, 124, 123, 113]
>>> [chr(ord(c) + 13) for c in 'Raymond']
['_', 'n', '\x86', 'z', '|', '{', 'q']
>>> code = ''.join([chr(ord(c) + 13) for c in 'Raymond'])
>>> code
'_n\x86z|{q'
>>> ''.join([chr(ord(c) - 13) for c in code])
'Raymond'
>>> # LC can do lightweight encryption
>>> 
>>> 
>>> [len(line) for line in open('notes/stocks.txt')]
[15, 15, 15, 15, 14, 15, 16, 15, 14, 16, 14]
>>> ll = [len(line) for line in open('notes/stocks.txt')]
>>> sum(ll)
164
>>> min(ll)
14
>>> max(ll)
16
>>> len(ll)
11
>>> # LC have WC-like capability
>>> [line for line in open('notes/stocks.txt') if 'CSCO' in line]
['CSCO,100,18.04\n', 'CSCO,150,19.05\n', 'CSCO,175,19.56\n']
>>> print ''.join([line for line in open('notes/stocks.txt') if 'CSCO' in line])
CSCO,100,18.04
CSCO,150,19.05
CSCO,175,19.56

>>> # LC have GREP-like capability
>>> 
>>> [line for line in open('notes/stocks.txt') if 'CSCO' in line]
['CSCO,100,18.04\n', 'CSCO,150,19.05\n', 'CSCO,175,19.56\n']
>>> [line.split(',') for line in open('notes/stocks.txt') if 'CSCO' in line]
[['CSCO', '100', '18.04\n'], ['CSCO', '150', '19.05\n'], ['CSCO', '175', '19.56\n']]
>>> trade = ['CSCO', '100', '18.04\n']
>>> trade[0]
'CSCO'
>>> trade[1]
'100'
>>> [line.split(',')[1] for line in open('notes/stocks.txt') if 'CSCO' in line]
['100', '150', '175']
>>> [int(line.split(',')[1]) for line in open('notes/stocks.txt') if 'CSCO' in line]
[100, 150, 175]
>>> sum([int(line.split(',')[1]) for line in open('notes/stocks.txt') if 'CSCO' in line])
425
>>> # awk 'BEGIN {FS=","} /CSCO/ {total += $2} END {print total}' notes/stocks.txt
>>> # LC have AWK-like capability
>>> 
>>> 
>>> # Input  ->  Process  ->  Output
>>> 
>>> #1)  Convert data to a convenient form for analysis
>>> #2)  Analyze your data
>>> #3)  Format the output
>>> from portfolio import get_portfolio
>>> port = get_portfolio('notes/stocks.txt')
>>> from pprint import pprint
>>> pprint(port)
[Trade(symbol='CSCO', shares=100, price=18.04),
 Trade(symbol='ANTM', shares=200, price=45.03),
 Trade(symbol='CSCO', shares=150, price=19.05),
 Trade(symbol='MSFT', shares=250, price=80.56),
 Trade(symbol='IBM', shares=500, price=22.01),
 Trade(symbol='ANTM', shares=250, price=44.23),
 Trade(symbol='GOOG', shares=200, price=501.45),
 Trade(symbol='CSCO', shares=175, price=19.56),
 Trade(symbol='MSFT', shares=75, price=80.81),
 Trade(symbol='GOOG', shares=300, price=502.65),
 Trade(symbol='IBM', shares=150, price=25.01)]
>>> 
>>> [t.symbol for t in port]
['CSCO', 'ANTM', 'CSCO', 'MSFT', 'IBM', 'ANTM', 'GOOG', 'CSCO', 'MSFT', 'GOOG', 'IBM']
>>> set([t.symbol for t in port])
set(['ANTM', 'GOOG', 'CSCO', 'IBM', 'MSFT'])
>>> sorted(set([t.symbol for t in port]))
['ANTM', 'CSCO', 'GOOG', 'IBM', 'MSFT']
>>> # SELECT DISTINCT symbol FROM port ORDER BY symbol;
>>> [t.shares for t in port]
[100, 200, 150, 250, 500, 250, 200, 175, 75, 300, 150]
>>> [t.prices for t in port]

Traceback (most recent call last):
  File "<pyshell#504>", line 1, in <module>
    [t.prices for t in port]
AttributeError: 'Trade' object has no attribute 'prices'
>>> [t.price for t in port]
[18.04, 45.03, 19.05, 80.56, 22.01, 44.23, 501.45, 19.56, 80.81, 502.65, 25.01]
>>> 
>>> pprint(port)
[Trade(symbol='CSCO', shares=100, price=18.04),
 Trade(symbol='ANTM', shares=200, price=45.03),
 Trade(symbol='CSCO', shares=150, price=19.05),
 Trade(symbol='MSFT', shares=250, price=80.56),
 Trade(symbol='IBM', shares=500, price=22.01),
 Trade(symbol='ANTM', shares=250, price=44.23),
 Trade(symbol='GOOG', shares=200, price=501.45),
 Trade(symbol='CSCO', shares=175, price=19.56),
 Trade(symbol='MSFT', shares=75, price=80.81),
 Trade(symbol='GOOG', shares=300, price=502.65),
 Trade(symbol='IBM', shares=150, price=25.01)]
>>> [t.shares * t.price for t in port]
[1804.0, 9006.0, 2857.5, 20140.0, 11005.0, 11057.5, 100290.0, 3423.0, 6060.75, 150795.0, 3751.5000000000005]
>>> sum([t.shares * t.price for t in port])
320190.25
>>> # cost basis of the portfolio
>>> # SELECT SUM(shares * price) FROM port;
>>> [t.shares for t in port]
[100, 200, 150, 250, 500, 250, 200, 175, 75, 300, 150]
>>> [t.shares for t in port if t.symbol == 'CSCO']
[100, 150, 175]
>>> sum([t.shares for t in port if t.symbol == 'CSCO'])
425
>>> 
>>> sum([trade.shares for trade in port if trade.symbol == 'CSCO'])
425
>>> # SELECT SUM(shares) FROM port WHERE symbol = "CSCO";
>>> 
